1501923611[1;31m 
1501923611====================== dumping main start====================== 
1501923611[0mArena 0: 
1501923611system bytes     =     204800 
1501923611in use bytes     =     161888 
1501923611Total (incl. mmap): 
1501923611system bytes     =     204800 
1501923611in use bytes     =     161888 
1501923611max mmap regions =          0 
1501923611max mmap bytes   =          0 
1501923721watchProcess roboeye core dump or no data received for a long time 
[    0.000000] Booting Linux on physical CPU 0x0
[    0.000000] Initializing cgroup subsys cpuset
[    0.000000] Initializing cgroup subsys cpu
[    0.000000] Initializing cgroup subsys cpuacct
[    0.000000] Linux version 4.4.189 (zxg@bej-lt-pf28lkb1) (gcc version 6.3.1 20170404 (Linaro GCC 6.3-2017.05) ) #2 SMP PREEMPT Wed Jan 5 14:07:36 CST 2022
[    0.000000] Boot CPU: AArch64 Processor [410fd042]
[    0.000000] On node 0 totalpages: 65024
[    0.000000]   DMA zone: 1016 pages used for memmap
[    0.000000]   DMA zone: 0 pages reserved
[    0.000000]   DMA zone: 65024 pages, LIFO batch:15
[    0.000000] psci: probing for conduit method from DT.
[    0.000000] psci: PSCIv1.0 detected in firmware.
[    0.000000] psci: Using standard PSCI v0.2 function IDs
[    0.000000] psci: MIGRATE_INFO_TYPE not supported.
[    0.000000] PERCPU: Embedded 19 pages/cpu @ffffffc00ff40000 s37032 r8192 d32600 u77824
[    0.000000] pcpu-alloc: s37032 r8192 d32600 u77824 alloc=19*4096
[    0.000000] pcpu-alloc: [0] 0 [0] 1 [0] 2 [0] 3 
[    0.000000] Detected VIPT I-cache on CPU0
[    0.000000] Built 1 zonelists in Zone order, mobility grouping on.  Total pages: 64008
[    0.000000] Kernel command line: storagemedia=nand androidboot.storagemedia=nand androidboot.mode=normal  androidboot.slot_suffix= androidboot.serialno=L02M03VA10012A11T3M2221221H0519  rootwait swiotlb=1 console=ttyFIQ0 root=PARTUUID=614e0000-0000
[    0.000000] PID hash table entries: 1024 (order: 1, 8192 bytes)
[    0.000000] Dentry cache hash table entries: 32768 (order: 6, 262144 bytes)
[    0.000000] Inode-cache hash table entries: 16384 (order: 5, 131072 bytes)
[    0.000000] software IO TLB: mapped [mem 0x0fea0000-0x0fee0000] (0MB)
[    0.000000] Memory: 244388K/260096K available (5054K kernel code, 412K rwdata, 1784K rodata, 384K init, 1700K bss, 15708K reserved, 0K cma-reserved)
[    0.000000] Virtual kernel memory layout:
[    0.000000]     modules : 0xffffff8000000000 - 0xffffff8008000000   (   128 MB)
[    0.000000]     vmalloc : 0xffffff8008000000 - 0xffffffbdbfff0000   (   246 GB)
[    0.000000]       .init : 0xffffff8008740000 - 0xffffff80087a0000   (   384 KB)
[    0.000000]       .text : 0xffffff8008080000 - 0xffffff8008570000   (  5056 KB)
[    0.000000]     .rodata : 0xffffff8008570000 - 0xffffff8008740000   (  1856 KB)
[    0.000000]       .data : 0xffffff80087a0000 - 0xffffff8008807008   (   413 KB)
[    0.000000]     fixed   : 0xffffffbffe7fb000 - 0xffffffbffec00000   (  4116 KB)
[    0.000000]     PCI I/O : 0xffffffbffee00000 - 0xffffffbfffe00000   (    16 MB)
[    0.000000]     memory  : 0xffffffc000200000 - 0xffffffc010000000   (   254 MB)
[    0.000000] SLUB: HWalign=64, Order=0-3, MinObjects=0, CPUs=4, Nodes=1
[    0.000000] Preemptible hierarchical RCU implementation.
[    0.000000] 	Build-time adjustment of leaf fanout to 64.
[    0.000000] NR_IRQS:64 nr_irqs:64 0
[    0.000000] GIC: Using split EOI/Deactivate mode
[    0.000000] rockchip_mmc_get_phase: invalid clk rate
[    0.000000] rockchip_mmc_get_phase: invalid clk rate
[    0.000000] rockchip_mmc_get_phase: invalid clk rate
[    0.000000] rockchip_mmc_get_phase: invalid clk rate
[    0.000000] rockchip_mmc_get_phase: invalid clk rate
[    0.000000] rockchip_mmc_get_phase: invalid clk rate
[    0.000000] Architected cp15 timer(s) running at 24.00MHz (phys).
[    0.000000] clocksource: arch_sys_counter: mask: 0xffffffffffffff max_cycles: 0x588fe9dc0, max_idle_ns: 440795202592 ns
[    0.000009] sched_clock: 56 bits at 24MHz, resolution 41ns, wraps every 4398046511097ns
[    0.001691] Console: colour dummy device 80x25
[    0.001735] Calibrating delay loop (skipped), value calculated using timer frequency.. 48.00 BogoMIPS (lpj=24000)
[    0.001760] pid_max: default: 32768 minimum: 301
[    0.001981] Mount-cache hash table entries: 512 (order: 0, 4096 bytes)
[    0.002001] Mountpoint-cache hash table entries: 512 (order: 0, 4096 bytes)
[    0.003208] Initializing cgroup subsys devices
[    0.003252] Initializing cgroup subsys freezer
[    0.003835] sched-energy: CPU device node has no sched-energy-costs
[    0.003861] Invalid sched_group_energy for CPU0
[    0.003878] CPU0: update cpu_capacity 1024
[    0.003952] ASID allocator initialised with 32768 entries
[    0.015149] Detected VIPT I-cache on CPU1
[    0.015229] Invalid sched_group_energy for CPU1
[    0.015238] CPU1: update cpu_capacity 1024
[    0.015245] CPU1: Booted secondary processor [410fd042]
[    0.018206] Detected VIPT I-cache on CPU2
[    0.018267] Invalid sched_group_energy for CPU2
[    0.018274] CPU2: update cpu_capacity 1024
[    0.018282] CPU2: Booted secondary processor [410fd042]
[    0.021287] Detected VIPT I-cache on CPU3
[    0.021345] Invalid sched_group_energy for CPU3
[    0.021352] CPU3: update cpu_capacity 1024
[    0.021358] CPU3: Booted secondary processor [410fd042]
[    0.021500] Brought up 4 CPUs
[    0.021588] SMP: Total of 4 processors activated.
[    0.021611] CPU features: detected feature: 32-bit EL0 Support
[    0.021634] CPU: All CPU(s) started at EL2
[    0.022000] Invalid sched_group_energy for CPU3
[    0.022024] Invalid sched_group_energy for Cluster3
[    0.022041] Invalid sched_group_energy for CPU2
[    0.022059] Invalid sched_group_energy for Cluster2
[    0.022074] Invalid sched_group_energy for CPU1
[    0.022092] Invalid sched_group_energy for Cluster1
[    0.022108] Invalid sched_group_energy for CPU0
[    0.022125] Invalid sched_group_energy for Cluster0
[    0.023799] devtmpfs: initialized
[    0.099315] clocksource: jiffies: mask: 0xffffffff max_cycles: 0xffffffff, max_idle_ns: 1911260446275000 ns
[    0.099377] futex hash table entries: 1024 (order: 4, 65536 bytes)
[    0.100309] pinctrl core: initialized pinctrl subsystem
[    0.103366] NET: Registered protocol family 16
[    0.109965] cpuidle: using governor menu
[    0.110054] Registered FIQ tty driver
[    0.110402] vdso: 2 pages (1 code @ ffffff8008576000, 1 data @ ffffff80087a4000)
[    0.110475] hw-breakpoint: found 6 breakpoint and 4 watchpoint registers.
[    0.110835] DMA: preallocated 256 KiB pool for atomic allocations
[    0.191189] genirq: Setting trigger mode 8 for irq 169 failed (gic_set_type+0x0/0x48)
[    0.193580] console [pstore-1] enabled
[    0.193602] pstore: Registered ramoops as persistent store backend
[    0.193626] ramoops: attached 0xa0000@0x8000000, ecc: 0/0
[    0.244850] console [ttyFIQ0] enabled
[    0.245961] Registered fiq debugger ttyFIQ0
[    0.269426] rockchip-pm rockchip-suspend: not set pwm-regulator-config
[    0.272325] vccio_sdio: regulator get failed, ret=-517
[    0.273720] vccio_dvp: regulator get failed, ret=-517
[    0.275134] vccio_flash: regulator get failed, ret=-517
[    0.278471] iommu: Adding device ff440000.hevc_service to group 0
[    0.279329] iommu: Adding device ff442000.vpu_service to group 1
[    0.280168] iommu: Adding device ff460000.vop to group 2
[    0.280920] iommu: Adding device ff4a0000.rkisp1 to group 3
[    0.283093] rk_iommu ff440440.iommu: can't get sclk
[    0.284386] rk_iommu ff442800.iommu: can't get sclk
[    0.285404] rk_iommu ff460f00.iommu: can't get sclk
[    0.286510] rk_iommu ff490800.iommu: can't get sclk
[    0.287500] rk_iommu ff4a8000.iommu: can't get sclk
[    0.288696] media: Linux media interface: v0.10
[    0.289289] Linux video capture interface: v2.00
[    0.292720] Advanced Linux Sound Architecture Driver Initialized.
[    0.297479] rockchip-cpuinfo cpuinfo: Serial		: 72e119dfacda2438
[    0.299126] clocksource: Switched to clocksource arch_sys_counter
[    0.334563] thermal thermal_zone1: power_allocator: sustainable_power will be estimated
[    0.335966] NET: Registered protocol family 2
[    0.337780] TCP established hash table entries: 2048 (order: 2, 16384 bytes)
[    0.338528] TCP bind hash table entries: 2048 (order: 4, 65536 bytes)
[    0.339234] TCP: Hash tables configured (established 2048 bind 2048)
[    0.339972] UDP hash table entries: 256 (order: 2, 24576 bytes)
[    0.340591] UDP-Lite hash table entries: 256 (order: 2, 24576 bytes)
[    0.341768] NET: Registered protocol family 1
[    0.345490] hw perfevents: enabled with armv8_cortex_a53 PMU driver, 7 counters available
[    0.381634] squashfs: version 4.0 (2009/01/31) Phillip Lougher
[    0.389524] NET: Registered protocol family 38
[    0.390071] io scheduler noop registered (default)
[    0.393948] phy phy-ff2c0000.syscon:usb2-phy@100.1: Failed to get VBUS supply regulator
[    0.402860] rk-vcodec vpu_combo: no regulator for vcodec
[    0.404151] rk-vcodec vpu_combo: failed on clk_get clk_cabac
[    0.404966] platform ff442000.vpu_service: probe device
[    0.406388] platform ff442000.vpu_service: drm allocator with mmu enabled
[    0.409217] platform ff440000.hevc_service: probe device
[    0.410569] platform ff440000.hevc_service: drm allocator with mmu enabled
[    0.412773] rk-vcodec vpu_combo: could not find power_model node
[    0.413372] rk-vcodec vpu_combo: init success
[    0.425807] dma-pl330 ff240000.dmac: Loaded driver for PL330 DMAC-241330
[    0.426479] dma-pl330 ff240000.dmac: 	DBUFF-128x8bytes Num_Chans-8 Num_Peri-32 Num_Events-16
[    0.428136] rockchip-pvtm ff010000.syscon:pmu-pvtm: failed to get rst 0 pmu
[    0.429220] rockchip-pvtm ff148000.syscon:pvtm: failed to get rst 0 core
[    0.431546] rockchip-system-monitor rockchip-system-monitor: system monitor probe
[    0.433951] Serial: 8250/16550 driver, 6 ports, IRQ sharing disabled
[    0.436323] ff030000.serial: ttyS0 at MMIO 0xff030000 (irq = 10, base_baud = 6250000) is a 16550A
[    0.438880] ff158000.serial: ttyS1 at MMIO 0xff158000 (irq = 13, base_baud = 2500000) is a 16550A
[    0.441451] ff178000.serial: ttyS5 at MMIO 0xff178000 (irq = 14, base_baud = 6250000) is a 16550A
[    0.448030] random: nonblocking pool is initialized
[    0.448401] [drm] Initialized drm 1.1.0 20060810
[    0.450798] [drm] Rockchip DRM driver version: v1.0.1
[    0.451905] rockchip-drm display-subsystem: devfreq is not set
[    0.454214] rockchip-drm display-subsystem: bound ff460000.vop (ops 0xffffff80085cced0)
[    0.454948] [drm] Supports vblank timestamp caching Rev 2 (21.10.2013).
[    0.455577] [drm] No driver support for vblank timestamp query.
[    0.456384] rockchip-drm display-subsystem: failed to parse display resources
[    0.458007] rockchip-drm display-subsystem: master bind failed: -22
[    0.458686] rockchip-drm: probe of display-subsystem failed with error -22
[    0.460477] Unable to detect cache hierarchy for CPU 0
[    0.463434] zram: Added device: zram0
[    0.463887] lkdtm: No crash points registered, enable through debugfs
[    0.470306] Rockchip WiFi SYS interface (V1.00) ... 
[    0.471863] ff300000.usb supply vusb_d not found, using dummy regulator
[    0.472709] ff300000.usb supply vusb_a not found, using dummy regulator
[    0.475886] dwc2 ff300000.usb: Configuration mismatch. dr_mode forced to device
[    0.476616] dwc2 ff300000.usb: 128 invalid for host_nperio_tx_fifo_size. Check HW configuration.
[    0.477433] dwc2 ff300000.usb: 256 invalid for host_perio_tx_fifo_size. Check HW configuration.
[    0.478333] dwc2 ff300000.usb: EPs: 10, dedicated fifos, 972 entries in SPRAM
[    0.702436] phy phy-ff2c0000.syscon:usb2-phy@100.1: charger = USB_SDP_CHARGER
[    0.705072] i2c /dev entries driver
[    0.709373] rk808 0-0020: Pmic Chip id: 0x8090
[    0.710345] rk808 0-0020: source: on=0x40, off=0x00
[    0.711785] rk808 0-0020: support dcdc3 fb mode:-22, 259900416
[    0.712699] rk808 0-0020: support pmic reset mode:0,1
[    0.719380] rk808-regulator rk808-regulator: there is no dvs0 gpio
[    0.719977] rk808-regulator rk808-regulator: there is no dvs1 gpio
[    0.720925] DCDC_REG1: supplied by vcc5v0_sys
[    0.724529] DCDC_REG2: supplied by vcc5v0_sys
[    0.727906] DCDC_REG3: supplied by vcc5v0_sys
[    0.731257] DCDC_REG4: supplied by vcc5v0_sys
[    0.734185] vccio_sdio: supplied by vcc_3v0
[    0.735411] DCDC_REG5: supplied by vcc5v0_sys
[    0.738305] LDO_REG1: supplied by vcc3v3_sys
[    0.741838] LDO_REG2: supplied by vcc3v3_sys
[    0.745219] vccio_flash: supplied by vcc1v8_soc
[    0.746229] LDO_REG3: supplied by vcc3v3_sys
[    0.749763] LDO_REG4: supplied by vcc3v3_sys
[    0.753318] LDO_REG5: supplied by vcc3v3_sys
[    0.755977] LDO_REG6: supplied by vcc3v3_sys
[    0.757093] vcc_sd: Bringing 3000000uV into 3300000-3300000uV
[    0.759911] LDO_REG7: supplied by vcc3v3_sys
[    0.762514] LDO_REG8: supplied by vcc3v3_sys
[    0.764773] vccio_dvp: supplied by vcc1v8_dvp
[    0.766668] LDO_REG9: supplied by vcc3v3_sys
[    0.769362] SWITCH_REG1: supplied by vcc5v0_sys
[    0.771810] SWITCH_REG2: supplied by vcc3v3_sys
[    0.774724] rk817-battery rk817-battery: Failed to find matching dt id
[    0.775916] rk817-charger rk817-charger: Failed to find matching dt id
[    0.780285] input: rk8xx_pwrkey as /devices/platform/ff180000.i2c/i2c-0/0-0020/input/input0
[    0.786895] rk808-rtc rk808-rtc: rtc core: registered rk808-rtc as rtc0
[    0.789713] rk3x-i2c ff180000.i2c: Initialized RK3xxx I2C bus at ffffff8008abe000
[    0.793007] rk3x-i2c ff1a0000.i2c: Initialized RK3xxx I2C bus at ffffff8008ac0000
[    0.795604] rkisp1 ff4a0000.rkisp1: rkisp1 driver version: v00.01.05
[    0.809351] Boot mode: coldboot
[    0.811587] rockchip-thermal ff280000.tsadc: Missing tshut mode property, using default (cru)
[    0.812416] rockchip-thermal ff280000.tsadc: Missing tshut-polarity property, using default (low)
[    0.813438] rk_tsadcv2_temp_to_code: Invalid conversion table: code=4095, temperature=2147483647
[    0.814773] rockchip-thermal ff280000.tsadc: tsadc is probed successfully!
[    0.818685] cpu cpu0: bin=0
[    0.819067] cpu cpu0: leakage=22
[    0.835610] cpu cpu0: temp=32727, pvtm=54784 (54336 + 448)
[    0.839515] cpu cpu0: pvtm-volt-sel=2
[    0.840181] cpu cpu0: bin-scale=13
[    0.844211] cpu cpu0: avs=0
[    0.844679] cpu cpu0: l=0 h=2147483647 hyst=5000 l_limit=0 h_limit=0
[    0.849706] cpu cpu0: failed to find power_model node
[    0.853028] Synopsys Designware Multimedia Card Interface Driver
[    0.856228] dwmmc_rockchip ff380000.dwmmc: num-slots property not found, assuming 1 slot is available
[    0.857331] dwmmc_rockchip ff380000.dwmmc: IDMAC supports 32-bit address mode.
[    0.858037] dwmmc_rockchip ff380000.dwmmc: Using internal DMA controller.
[    0.858697] dwmmc_rockchip ff380000.dwmmc: Version ID is 270a
[    0.859398] dwmmc_rockchip ff380000.dwmmc: DW MMC controller at irq 23,32 bit host data width,256 deep fifo
[    0.860475] dwmmc_rockchip ff380000.dwmmc: No vmmc regulator found
[    0.861045] dwmmc_rockchip ff380000.dwmmc: No vqmmc regulator found
[    0.862243] dwmmc_rockchip ff380000.dwmmc: allocated mmc-pwrseq
[    0.876385] mmc_host mmc0: Bus speed (slot 0) = 400000Hz (slot req 400000Hz, actual 400000HZ div = 0)
[    0.890167] dwmmc_rockchip ff380000.dwmmc: 1 slots initialized
[    0.896739] dwmmc_rockchip ff380000.dwmmc: card claims to support voltages below defined range
[    0.901980] rockchip-dmc dmc: unable to get devfreq-event device : dfi
[    0.905534] rknandc_base v1.1 2017-01-11
[    0.906874] rknandc ff3b0000.nandc: rknandc_probe clk rate = 150000000
[    0.907647] rkflash_dev_init enter
[    0.907968] ...nandc_flash_init enter...
[    0.908395] No.1 FLASH ID:98 da 90 15 76 16
[    0.908792] SFTL version: 5.0.56 20210329
[    0.909155] mmc_host mmc0: Bus speed (slot 0) = 50000000Hz (slot req 50000000Hz, actual 50000000HZ div = 0)
[    0.910557] mmc0: new high speed SDIO card at address 0001
[    0.945703] FtlGcRefreshBlock  0x119
[    0.946049] FtlGcRefreshBlock  0x118
[    0.974397] ...FtlVpcCheckAndModify enter...
[    0.997413] FtlCheckVpc 116 = 80  0
[    0.997744] FtlCheckVpc 117 = 80  0
[    0.999445] rkflash[0] init success
[    1.008262] rkflashd vendor storage init ok !
[    1.171475]  rkflash0: p1 p2 p3 p4 p5 p6 p7 p8 p9
[    1.176762] rkflash_dev_init device register as blk dev, ret= 0
[    1.183822] ip_tables: (C) 2000-2006 Netfilter Core Team
[    1.184866] NET: Registered protocol family 17
[    1.185404] NET: Registered protocol family 15
[    1.185818] [WLAN_RFKILL]: Enter rfkill_wlan_init
[    1.186869] [WLAN_RFKILL]: Enter rfkill_wlan_probe
[    1.187370] [WLAN_RFKILL]: wlan_platdata_parse_dt: wifi_chip_type = rtl8189fs
[    1.188006] [WLAN_RFKILL]: wlan_platdata_parse_dt: enable wifi power control.
[    1.188657] [WLAN_RFKILL]: wlan_platdata_parse_dt: wifi power controled by gpio.
[    1.189436] [WLAN_RFKILL]: wlan_platdata_parse_dt: get property: WIFI,host_wake_irq = 5, flags = 0.
[    1.190266] [WLAN_RFKILL]: wlan_platdata_parse_dt: The ref_wifi_clk not found !
[    1.190924] [WLAN_RFKILL]: rfkill_wlan_probe: init gpio
[    1.191412] [WLAN_RFKILL]: Exit rfkill_wlan_probe
[    1.191974] [BT_RFKILL]: Enter rfkill_rk_init
[    1.193787] flash vendor_init_thread!
[    1.194195] flash vendor storage:20170308 ret = -1
[    1.194415] ov7251 2-0060: driver version: 00.01.01
[    1.194623] ov7251 2-0060: Failed to get pwdn-gpios
[    1.198954] ov7251 2-0060: Unexpected sensor id(000000), ret(-5)
[    1.200842] Registered cp15_barrier emulation handler
[    1.201421] Registered setend emulation handler
[    1.205434] rga2: Driver loaded successfully ver:4.00
[    1.206313] rga2: Module initialized.
[    1.208300] rockchip-dmc dmc: current ATF version 0x105!
[    1.208799] rockchip-dmc dmc: read tf version 0x105!
[    1.211750] rockchip-dmc dmc: Failed to get leakage
[    1.212671] rockchip-dmc dmc: pvtm-volt-sel=2
[    1.214190] rockchip-dmc dmc: avs=0
[    1.214564] rockchip-dmc dmc: failed to get vop bandwidth to dmc rate
[    1.215167] rockchip-dmc dmc: failed to get vop pn to msch rl
[    1.216189] rockchip-dmc dmc: l=-2147483648 h=2147483647 hyst=0 l_limit=0 h_limit=0
[    1.218675] devfreq dmc: Couldn't update frequency transition information.
[    1.222987] asoc-simple-card rk809-sound: rk817-hifi <-> ff070000.i2s mapping ok
[    1.223706] asoc-simple-card rk809-sound: ASoC: no source widget found for MICBIAS1
[    1.224404] asoc-simple-card rk809-sound: ASoC: Failed to add route MICBIAS1 -> direct -> Mic Jack
[    1.225222] asoc-simple-card rk809-sound: ASoC: no sink widget found for IN1P
[    1.225857] asoc-simple-card rk809-sound: ASoC: Failed to add route Mic Jack -> direct -> IN1P
[    1.226640] asoc-simple-card rk809-sound: ASoC: no source widget found for HPOL
[    1.227313] asoc-simple-card rk809-sound: ASoC: Failed to add route HPOL -> direct -> Headphone Jack
[    1.228140] asoc-simple-card rk809-sound: ASoC: no source widget found for HPOR
[    1.228797] asoc-simple-card rk809-sound: ASoC: Failed to add route HPOR -> direct -> Headphone Jack
[    1.231885] ov7251 2-0060: driver version: 00.01.01
[    1.232609] ov7251 2-0060: Failed to get pwdn-gpios
[    1.237135] ov7251 2-0060: Detected OV007750 sensor
[    1.239030] rkisp1: Async subdev notifier completed
[    1.241750] input: gpio_keys as /devices/platform/gpio_keys/input/input1
[    1.244371] rk808-rtc rk808-rtc: setting system clock to 2017-08-05 09:00:02 UTC (1501923602)
[    1.291399] vccio_sdio: disabling
[    1.291737] vccio_dvp: disabling
[    1.292037] vccio_flash: disabling
[    1.292579] vccio_sd: disabling
[    1.293302] vcc_sd: disabling
[    1.294291] vcc3v3_lcd: disabling
[    1.295072] rkisp1 ff4a0000.rkisp1: clear unready subdev num: 0
[    1.296727] ALSA device list:
[    1.297006]   #0: rockchip,rk809-codec
[    1.399216] VFS: Mounted root (squashfs filesystem) readonly on device 31:6.
[    1.409084] devtmpfs: mounted
[    1.409876] Freeing unused kernel memory: 384K
[    2.021367] udevd[130]: starting version 3.2.7
[    2.054082] udevd[130]: specified group 'kvm' unknown
[    2.075278] udevd[132]: starting eudev-3.2.7
[    3.930536] EXT4-fs (rkflash0p8): couldn't mount as ext3 due to feature incompatibilities
[    3.932308] EXT4-fs (rkflash0p8): mounting ext2 file system using the ext4 subsystem
[    3.940586] EXT4-fs (rkflash0p8): mounted filesystem without journal. Opts: (null)
[    4.199185] vendor storage:20190527 ret = -1
[    4.515434] EXT4-fs (rkflash0p9): couldn't mount as ext3 due to feature incompatibilities
[    4.517167] EXT4-fs (rkflash0p9): mounting ext2 file system using the ext4 subsystem
[    4.525820] EXT4-fs (rkflash0p9): mounted filesystem without journal. Opts: (null)
[    4.815875] EXT4-fs (rkflash0p7): couldn't mount as ext3 due to feature incompatibilities
[    4.817794] EXT4-fs (rkflash0p7): couldn't mount as ext2 due to feature incompatibilities
[    4.821685] EXT4-fs (rkflash0p7): mounted filesystem without journal. Opts: (null)
[    5.201932] file system registered
[    5.342868] read descriptors
[    5.343249] read strings
[    6.362259] dwc2 ff300000.usb: bound driver configfs-gadget
[    6.521308] dwc2 ff300000.usb: new device is high-speed
[    6.555293] dwc2 ff300000.usb: new address 56
[    6.576257] android_work: sent uevent USB_STATE=CONNECTED
[    6.606477] 
[    6.606652] =======================================================
[    6.607284] ==== Launching Wi-Fi driver! (Powered by Rockchip) ====
[    6.607847] =======================================================
[    6.608455] Realtek 8723DS SDIO WiFi driver (Powered by Rockchip,Ver v5.3.12_28613.20180703) init.
[    6.609275] [WLAN_RFKILL]: rockchip_wifi_power: 1
[    6.609698] [BT_RFKILL]: rfkill_get_bt_power_state: rfkill-bt driver has not Successful initialized
[    6.610527] [WLAN_RFKILL]: wifi turn on power. -1
[    6.610956] mmc0:mmc host rescan start!
[    6.655359] configfs-gadget gadget: high-speed config #1: b
[    6.657289] android_work: sent uevent USB_STATE=CONFIGURED
[    7.612241] [WLAN_RFKILL]: rockchip_wifi_get_oob_irq: Enter
[    7.979909] ===>[qf] no console-ramoops-0 file find
[    9.401472] rtw_drv_log_level:0
[   10.705394] ttyS0 set divisor fail, quot:156 != dll,dlh:0
[   10.706362] ttyS0 set divisor fail, quot:1 != dll,dlh:0
    1 root      2372 S    init
    2 root         0 SW   [kthreadd]
    3 root         0 SW   [ksoftirqd/0]
    4 root         0 SW   [kworker/0:0]
    5 root         0 SW<  [kworker/0:0H]
    6 root         0 SW   [kworker/u8:0]
    7 root         0 SW   [rcu_preempt]
    8 root         0 SW   [rcu_sched]
    9 root         0 SW   [rcu_bh]
   10 root         0 SW   [migration/0]
   11 root         0 SW   [watchdog/0]
   12 root         0 SW   [watchdog/1]
   13 root         0 SW   [migration/1]
   14 root         0 SW   [ksoftirqd/1]
   15 root         0 SW   [kworker/1:0]
   16 root         0 SW<  [kworker/1:0H]
   17 root         0 SW   [watchdog/2]
   18 root         0 SW   [migration/2]
   19 root         0 SW   [ksoftirqd/2]
   20 root         0 SW   [kworker/2:0]
   21 root         0 SW<  [kworker/2:0H]
   22 root         0 SW   [watchdog/3]
   23 root         0 SW   [migration/3]
   24 root         0 SW   [ksoftirqd/3]
   25 root         0 SW   [kworker/3:0]
   26 root         0 SW<  [kworker/3:0H]
   27 root         0 SW   [kdevtmpfs]
   28 root         0 SW<  [netns]
   29 root         0 SW<  [perf]
   30 root         0 SW   [khungtaskd]
   31 root         0 SW<  [writeback]
   32 root         0 SW<  [crypto]
   33 root         0 SW<  [bioset]
   34 root         0 SW<  [kblockd]
   35 root         0 SW   [kworker/0:1]
   36 root         0 SW<  [devfreq_wq]
   37 root         0 SW<  [cfg80211]
   38 root         0 SW   [cfinteractive]
   39 root         0 SW   [kworker/u8:1]
   54 root         0 SW   [kswapd0]
   55 root         0 SW<  [vmstat]
   56 root         0 SW   [fsnotify_mark]
   57 root         0 SW<  [SquashFS read w]
   80 root         0 SW   [irq/171-rockchi]
   81 root         0 SW   [irq/172-rockchi]
   82 root         0 SW   [irq/173-rockchi]
   83 root         0 SW   [irq/174-rockchi]
   84 root         0 SW<  [vcodec]
   85 root         0 SW   [irq/26-ff442000]
   86 root         0 SW   [irq/27-ff442000]
   87 root         0 SW   [irq/25-ff440000]
   88 root         0 SW   [hwrng]
   89 root         0 SW   [kworker/3:1]
   90 root         0 SW<  [bioset]
   91 root         0 SW   [spi1]
   92 root         0 SW   [kworker/1:1]
   93 root         0 SW   [irq/58-rk817]
   94 root         0 SW   [irq/21-rockchip]
   95 root         0 SW   [kworker/0:2]
   96 root         0 SW<  [bioset]
   97 root         0 DW   [rkflash]
   98 root         0 SW   [kworker/2:1]
  101 root         0 SW   [kworker/u8:2]
  102 root         0 SW   [kworker/u8:3]
  103 root         0 SW   [irq/31-rga]
  104 root         0 SW<  [deferwq]
  105 root         0 SW   [kworker/u8:4]
  106 root         0 SW   [kworker/0:3]
  107 root         0 SW   [kworker/1:2]
  108 root         0 SW<  [kworker/2:1H]
  112 root         0 SW<  [kworker/3:1H]
  113 root         0 SW   [kworker/2:2]
  114 root         0 SW<  [kworker/0:1H]
  115 root         0 SW   [kworker/3:2]
  116 root         0 SW   [kworker/1:3]
  127 root      2372 S    /sbin/klogd -n
  131 root         0 SW<  [kworker/1:1H]
  132 root      2792 S    /sbin/udevd -d
  377 root         0 SW<  [ext4-rsv-conver]
  444 root         0 SW<  [ext4-rsv-conver]
  511 root         0 SW<  [ext4-rsv-conver]
  525 root      2372 S    {watch_ntpd.sh} /bin/sh /usr/bin/watch_ntpd.sh
  535 root     72164 S    ntpd -gq
  536 root      4428 S    sleep 86400
  540 root      4756 S    /usr/sbin/sshd -f /etc/ssh/sshd_config_readonly
  578 root      155m S    /usr/bin/adbd
  598 root         0 SW   [kworker/0:4]
  599 root         0 SW   [kworker/3:3]
  600 root         0 SW   [kworker/3:4]
  601 root         0 SW   [kworker/1:4]
  611 root         0 SW   [ksdioirqd/mmc0]
  625 root      1716 S    /usr/local/auto_feed_watchdog 5
  628 root      2372 S    /sbin/getty -L ttyFIQ0 0 vt100
  635 root      2372 S    {BootAuto.sh} /bin/sh /mnt/res/boot/BootAuto.sh
  670 root      4216 S    /mnt/res/app/L01Daemon 90
  672 root     23640 S    {MainThread} /mnt/res/app/Roboeye_server
  673 root     81636 S    /mnt/res/app/logFilter
  675 root         0 SW   [RTW_XMIT_THREAD]
  676 root         0 SW   [RTW_CMD_THREAD]
  677 root         0 SW   [RTWHALXT]
  678 root         0 SW   [RTWHALXT]
  680 root      6976 S    /mnt/res/vapp/mosquitto -c /mnt/res/vapp/mosquitto.c
  691 root      5392 S    /mnt/res/vapp/logd
  697 root      4056 S    /mnt/res/vapp/www/lighttpd -f /mnt/res/vapp/www/ligh
  700 root      150m S    /mnt/res/vapp/devd -c /mnt/res/vapp/AC.conf
  707 root      2376 S    syslogd -O /tmp/systemlog.txt
  753 root      302m S    appd -f -o /tmp -c /mnt/res/vapp
  774 root     79220 S    /mnt/res/vapp/cond -c /mnt/res/vapp/cond.conf
 1168 root         0 Z    [dnsmasq]
 1187 root      5848 S    wpa_supplicant -P/var/run/wpa_supplicant.pid -B -iwl
 1190 root      2376 S    sh -c ps >> /tmp/dmesg.log
 1191 root      2376 R    ps
             total       used       free     shared    buffers     cached
Mem:        244772      82520     162252        228       9076      36652
-/+ buffers/cache:      36792     207980
Swap:            0          0          0
           CPU0       CPU1       CPU2       CPU3       
  1:          0          0          0          0     GICv2  29 Edge      arch_timer
  2:      44483      18726      16212      19332     GICv2  30 Edge      arch_timer
  5:      26049       3617       2653       2074     GICv2  62 Level     rk_timer
 10:      27279          0          0          0     GICv2  47 Level     serial
 15:        813          0          0          0     GICv2  39 Level     ff180000.i2c
 16:          6          0          0          0     GICv2  41 Level     ff1a0000.i2c
 19:          0          0          0          0     GICv2  33 Level     ff240000.dmac
 20:          0          0          0          0     GICv2  34 Level     ff240000.dmac
 21:          0          0          0          0     GICv2  68 Level     rockchip_thermal
 22:         50          0          0          0     GICv2  94 Level     ff300000.usb, ff300000.usb
 23:     117083          0          0          0     GICv2  87 Level     dw-mci
 24:          0          0          0          0     GICv2  89 Level     rknandc
 25:          0          0          0          0     GICv2  81 Level     ff440000.hevc_service
 26:          0          0          0          0     GICv2 112 Level     ff442000.vpu_service
 27:          0          0          0          0     GICv2 111 Level     ff442000.vpu_service
 31:          0          0          0          0     GICv2 108 Level     rga
 33:          0          0          0          0     GICv2 102 Level     rkisp1, ff4a0000.rkisp1
 34:          0          0          0          0     GICv2 105 Level     rkisp1
 35:          0          0          0          0     GICv2 106 Level     rkisp1
 36:          0          0          0          0     GICv2 137 Level     dmc
 46:          0          0          0          0     gpio0   5 Edge      rtw_wifi_gpio_wakeup
 56:          0          0          0          0     gpio0  15 Edge      mcu wakeup L02
 58:          0          0          0          0     gpio0  17 Level     rk817
169:          0          0          0          0     GICv2 159 Edge      debug-signal
170:          0          0          0          0     GICv2  49 Level     debug
171:          0          0          0          0     GICv2 100 Level     rockchip_usb2phy
172:          0          0          0          0     GICv2  98 Level     rockchip_usb2phy_bvalid
173:          0          0          0          0     GICv2  96 Level     rockchip_usb2phy
174:          0          0          0          0     GICv2  97 Level     rockchip_usb2phy_id
175:          0          0          0          0     rk817   0 Edge      rk8xx_pwrkey_fall
176:          0          0          0          0     rk817   1 Edge      rk8xx_pwrkey_rise
180:          0          0          0          0     rk817   5 Edge      RTC alarm
IPI0:      2923       6973       7314       6168       Rescheduling interrupts
IPI1:        19         22         18         20       Function call interrupts
IPI2:         0          0          0          0       CPU stop interrupts
IPI3:         0          0          0          0       CPU stop (for crash dump) interrupts
IPI4:       470        158        142        168       Timer broadcast interrupts
IPI5:         1          0          0          0       IRQ work interrupts
IPI6:         0          0          0          0       CPU wake-up interrupts
Err:          0
