1501923619[1;31m 
1501923619====================== dumping main start====================== 
1501923619[0mArena 0: 
1501923619system bytes     =     204800 
1501923619in use bytes     =     161888 
1501923619Total (incl. mmap): 
1501923619system bytes     =     204800 
1501923619in use bytes     =     161888 
1501923619max mmap regions =          0 
1501923619max mmap bytes   =          0 
1501923728watchProcess roboeye core dump or no data received for a long time 
[    0.000000] Booting Linux on physical CPU 0x0
[    0.000000] Initializing cgroup subsys cpuset
[    0.000000] Initializing cgroup subsys cpu
[    0.000000] Initializing cgroup subsys cpuacct
[    0.000000] Linux version 4.4.189 (zxg@bej-lt-pf28lkb1) (gcc version 6.3.1 20170404 (Linaro GCC 6.3-2017.05) ) #2 SMP PREEMPT Wed Jan 5 14:07:36 CST 2022
[    0.000000] Boot CPU: AArch64 Processor [410fd042]
[    0.000000] On node 0 totalpages: 65024
[    0.000000]   DMA zone: 1016 pages used for memmap
[    0.000000]   DMA zone: 0 pages reserved
[    0.000000]   DMA zone: 65024 pages, LIFO batch:15
[    0.000000] psci: probing for conduit method from DT.
[    0.000000] psci: PSCIv1.0 detected in firmware.
[    0.000000] psci: Using standard PSCI v0.2 function IDs
[    0.000000] psci: MIGRATE_INFO_TYPE not supported.
[    0.000000] PERCPU: Embedded 19 pages/cpu @ffffffc00ff40000 s37032 r8192 d32600 u77824
[    0.000000] pcpu-alloc: s37032 r8192 d32600 u77824 alloc=19*4096
[    0.000000] pcpu-alloc: [0] 0 [0] 1 [0] 2 [0] 3 
[    0.000000] Detected VIPT I-cache on CPU0
[    0.000000] Built 1 zonelists in Zone order, mobility grouping on.  Total pages: 64008
[    0.000000] Kernel command line: storagemedia=nand androidboot.storagemedia=nand androidboot.mode=normal  androidboot.slot_suffix= androidboot.serialno=L02M03VA10012A11T3M2221213H0440  rootwait swiotlb=1 console=ttyFIQ0 root=PARTUUID=614e0000-0000
[    0.000000] PID hash table entries: 1024 (order: 1, 8192 bytes)
[    0.000000] Dentry cache hash table entries: 32768 (order: 6, 262144 bytes)
[    0.000000] Inode-cache hash table entries: 16384 (order: 5, 131072 bytes)
[    0.000000] software IO TLB: mapped [mem 0x0fea0000-0x0fee0000] (0MB)
[    0.000000] Memory: 244388K/260096K available (5054K kernel code, 412K rwdata, 1784K rodata, 384K init, 1700K bss, 15708K reserved, 0K cma-reserved)
[    0.000000] Virtual kernel memory layout:
[    0.000000]     modules : 0xffffff8000000000 - 0xffffff8008000000   (   128 MB)
[    0.000000]     vmalloc : 0xffffff8008000000 - 0xffffffbdbfff0000   (   246 GB)
[    0.000000]       .init : 0xffffff8008740000 - 0xffffff80087a0000   (   384 KB)
[    0.000000]       .text : 0xffffff8008080000 - 0xffffff8008570000   (  5056 KB)
[    0.000000]     .rodata : 0xffffff8008570000 - 0xffffff8008740000   (  1856 KB)
[    0.000000]       .data : 0xffffff80087a0000 - 0xffffff8008807008   (   413 KB)
[    0.000000]     fixed   : 0xffffffbffe7fb000 - 0xffffffbffec00000   (  4116 KB)
[    0.000000]     PCI I/O : 0xffffffbffee00000 - 0xffffffbfffe00000   (    16 MB)
[    0.000000]     memory  : 0xffffffc000200000 - 0xffffffc010000000   (   254 MB)
[    0.000000] SLUB: HWalign=64, Order=0-3, MinObjects=0, CPUs=4, Nodes=1
[    0.000000] Preemptible hierarchical RCU implementation.
[    0.000000] 	Build-time adjustment of leaf fanout to 64.
[    0.000000] NR_IRQS:64 nr_irqs:64 0
[    0.000000] GIC: Using split EOI/Deactivate mode
[    0.000000] rockchip_mmc_get_phase: invalid clk rate
[    0.000000] rockchip_mmc_get_phase: invalid clk rate
[    0.000000] rockchip_mmc_get_phase: invalid clk rate
[    0.000000] rockchip_mmc_get_phase: invalid clk rate
[    0.000000] rockchip_mmc_get_phase: invalid clk rate
[    0.000000] rockchip_mmc_get_phase: invalid clk rate
[    0.000000] Architected cp15 timer(s) running at 24.00MHz (phys).
[    0.000000] clocksource: arch_sys_counter: mask: 0xffffffffffffff max_cycles: 0x588fe9dc0, max_idle_ns: 440795202592 ns
[    0.000009] sched_clock: 56 bits at 24MHz, resolution 41ns, wraps every 4398046511097ns
[    0.001693] Console: colour dummy device 80x25
[    0.001735] Calibrating delay loop (skipped), value calculated using timer frequency.. 48.00 BogoMIPS (lpj=24000)
[    0.001760] pid_max: default: 32768 minimum: 301
[    0.001978] Mount-cache hash table entries: 512 (order: 0, 4096 bytes)
[    0.001999] Mountpoint-cache hash table entries: 512 (order: 0, 4096 bytes)
[    0.003202] Initializing cgroup subsys devices
[    0.003246] Initializing cgroup subsys freezer
[    0.003828] sched-energy: CPU device node has no sched-energy-costs
[    0.003854] Invalid sched_group_energy for CPU0
[    0.003872] CPU0: update cpu_capacity 1024
[    0.003946] ASID allocator initialised with 32768 entries
[    0.015146] Detected VIPT I-cache on CPU1
[    0.015227] Invalid sched_group_energy for CPU1
[    0.015236] CPU1: update cpu_capacity 1024
[    0.015243] CPU1: Booted secondary processor [410fd042]
[    0.018202] Detected VIPT I-cache on CPU2
[    0.018263] Invalid sched_group_energy for CPU2
[    0.018271] CPU2: update cpu_capacity 1024
[    0.018278] CPU2: Booted secondary processor [410fd042]
[    0.021285] Detected VIPT I-cache on CPU3
[    0.021341] Invalid sched_group_energy for CPU3
[    0.021349] CPU3: update cpu_capacity 1024
[    0.021355] CPU3: Booted secondary processor [410fd042]
[    0.021496] Brought up 4 CPUs
[    0.021586] SMP: Total of 4 processors activated.
[    0.021608] CPU features: detected feature: 32-bit EL0 Support
[    0.021631] CPU: All CPU(s) started at EL2
[    0.021997] Invalid sched_group_energy for CPU3
[    0.022021] Invalid sched_group_energy for Cluster3
[    0.022037] Invalid sched_group_energy for CPU2
[    0.022055] Invalid sched_group_energy for Cluster2
[    0.022071] Invalid sched_group_energy for CPU1
[    0.022089] Invalid sched_group_energy for Cluster1
[    0.022106] Invalid sched_group_energy for CPU0
[    0.022124] Invalid sched_group_energy for Cluster0
[    0.023806] devtmpfs: initialized
[    0.099361] clocksource: jiffies: mask: 0xffffffff max_cycles: 0xffffffff, max_idle_ns: 1911260446275000 ns
[    0.099423] futex hash table entries: 1024 (order: 4, 65536 bytes)
[    0.100361] pinctrl core: initialized pinctrl subsystem
[    0.103408] NET: Registered protocol family 16
[    0.110011] cpuidle: using governor menu
[    0.110101] Registered FIQ tty driver
[    0.110450] vdso: 2 pages (1 code @ ffffff8008576000, 1 data @ ffffff80087a4000)
[    0.110523] hw-breakpoint: found 6 breakpoint and 4 watchpoint registers.
[    0.110882] DMA: preallocated 256 KiB pool for atomic allocations
[    0.191271] genirq: Setting trigger mode 8 for irq 169 failed (gic_set_type+0x0/0x48)
[    0.194373] console [pstore-1] enabled
[    0.194396] pstore: Registered ramoops as persistent store backend
[    0.194420] ramoops: attached 0xa0000@0x8000000, ecc: 0/0
[    0.245630] console [ttyFIQ0] enabled
[    0.246732] Registered fiq debugger ttyFIQ0
[    0.269007] rockchip-pm rockchip-suspend: not set pwm-regulator-config
[    0.271929] vccio_sdio: regulator get failed, ret=-517
[    0.273325] vccio_dvp: regulator get failed, ret=-517
[    0.274731] vccio_flash: regulator get failed, ret=-517
[    0.278069] iommu: Adding device ff440000.hevc_service to group 0
[    0.278928] iommu: Adding device ff442000.vpu_service to group 1
[    0.279754] iommu: Adding device ff460000.vop to group 2
[    0.280504] iommu: Adding device ff4a0000.rkisp1 to group 3
[    0.282680] rk_iommu ff440440.iommu: can't get sclk
[    0.283963] rk_iommu ff442800.iommu: can't get sclk
[    0.285012] rk_iommu ff460f00.iommu: can't get sclk
[    0.286131] rk_iommu ff490800.iommu: can't get sclk
[    0.287122] rk_iommu ff4a8000.iommu: can't get sclk
[    0.288325] media: Linux media interface: v0.10
[    0.288918] Linux video capture interface: v2.00
[    0.292342] Advanced Linux Sound Architecture Driver Initialized.
[    0.297129] rockchip-cpuinfo cpuinfo: Serial		: 48ba96c3a920ab17
[    0.298782] clocksource: Switched to clocksource arch_sys_counter
[    0.334243] thermal thermal_zone1: power_allocator: sustainable_power will be estimated
[    0.335649] NET: Registered protocol family 2
[    0.337460] TCP established hash table entries: 2048 (order: 2, 16384 bytes)
[    0.338200] TCP bind hash table entries: 2048 (order: 4, 65536 bytes)
[    0.338907] TCP: Hash tables configured (established 2048 bind 2048)
[    0.339639] UDP hash table entries: 256 (order: 2, 24576 bytes)
[    0.340261] UDP-Lite hash table entries: 256 (order: 2, 24576 bytes)
[    0.341433] NET: Registered protocol family 1
[    0.345154] hw perfevents: enabled with armv8_cortex_a53 PMU driver, 7 counters available
[    0.381362] squashfs: version 4.0 (2009/01/31) Phillip Lougher
[    0.389267] NET: Registered protocol family 38
[    0.389855] io scheduler noop registered (default)
[    0.393713] phy phy-ff2c0000.syscon:usb2-phy@100.1: Failed to get VBUS supply regulator
[    0.402504] rk-vcodec vpu_combo: no regulator for vcodec
[    0.403740] rk-vcodec vpu_combo: failed on clk_get clk_cabac
[    0.404604] platform ff442000.vpu_service: probe device
[    0.406008] platform ff442000.vpu_service: drm allocator with mmu enabled
[    0.408822] platform ff440000.hevc_service: probe device
[    0.410174] platform ff440000.hevc_service: drm allocator with mmu enabled
[    0.412380] rk-vcodec vpu_combo: could not find power_model node
[    0.412977] rk-vcodec vpu_combo: init success
[    0.425419] dma-pl330 ff240000.dmac: Loaded driver for PL330 DMAC-241330
[    0.426088] dma-pl330 ff240000.dmac: 	DBUFF-128x8bytes Num_Chans-8 Num_Peri-32 Num_Events-16
[    0.427701] rockchip-pvtm ff010000.syscon:pmu-pvtm: failed to get rst 0 pmu
[    0.428821] rockchip-pvtm ff148000.syscon:pvtm: failed to get rst 0 core
[    0.431125] rockchip-system-monitor rockchip-system-monitor: system monitor probe
[    0.433522] Serial: 8250/16550 driver, 6 ports, IRQ sharing disabled
[    0.435900] ff030000.serial: ttyS0 at MMIO 0xff030000 (irq = 10, base_baud = 6250000) is a 16550A
[    0.438477] ff158000.serial: ttyS1 at MMIO 0xff158000 (irq = 13, base_baud = 2500000) is a 16550A
[    0.441045] ff178000.serial: ttyS5 at MMIO 0xff178000 (irq = 14, base_baud = 6250000) is a 16550A
[    0.447691] random: nonblocking pool is initialized
[    0.448059] [drm] Initialized drm 1.1.0 20060810
[    0.450464] [drm] Rockchip DRM driver version: v1.0.1
[    0.451574] rockchip-drm display-subsystem: devfreq is not set
[    0.453897] rockchip-drm display-subsystem: bound ff460000.vop (ops 0xffffff80085cced0)
[    0.454633] [drm] Supports vblank timestamp caching Rev 2 (21.10.2013).
[    0.455262] [drm] No driver support for vblank timestamp query.
[    0.456069] rockchip-drm display-subsystem: failed to parse display resources
[    0.457700] rockchip-drm display-subsystem: master bind failed: -22
[    0.458378] rockchip-drm: probe of display-subsystem failed with error -22
[    0.460173] Unable to detect cache hierarchy for CPU 0
[    0.463112] zram: Added device: zram0
[    0.463565] lkdtm: No crash points registered, enable through debugfs
[    0.469968] Rockchip WiFi SYS interface (V1.00) ... 
[    0.471522] ff300000.usb supply vusb_d not found, using dummy regulator
[    0.472367] ff300000.usb supply vusb_a not found, using dummy regulator
[    0.475542] dwc2 ff300000.usb: Configuration mismatch. dr_mode forced to device
[    0.476272] dwc2 ff300000.usb: 128 invalid for host_nperio_tx_fifo_size. Check HW configuration.
[    0.477089] dwc2 ff300000.usb: 256 invalid for host_perio_tx_fifo_size. Check HW configuration.
[    0.477988] dwc2 ff300000.usb: EPs: 10, dedicated fifos, 972 entries in SPRAM
[    0.702094] phy phy-ff2c0000.syscon:usb2-phy@100.1: charger = USB_SDP_CHARGER
[    0.704731] i2c /dev entries driver
[    0.709043] rk808 0-0020: Pmic Chip id: 0x8090
[    0.710015] rk808 0-0020: source: on=0x40, off=0x00
[    0.711459] rk808 0-0020: support dcdc3 fb mode:-22, 244187136
[    0.712367] rk808 0-0020: support pmic reset mode:0,1
[    0.719070] rk808-regulator rk808-regulator: there is no dvs0 gpio
[    0.719669] rk808-regulator rk808-regulator: there is no dvs1 gpio
[    0.720610] DCDC_REG1: supplied by vcc5v0_sys
[    0.724202] DCDC_REG2: supplied by vcc5v0_sys
[    0.727589] DCDC_REG3: supplied by vcc5v0_sys
[    0.730914] DCDC_REG4: supplied by vcc5v0_sys
[    0.733834] vccio_sdio: supplied by vcc_3v0
[    0.735058] DCDC_REG5: supplied by vcc5v0_sys
[    0.737958] LDO_REG1: supplied by vcc3v3_sys
[    0.741484] LDO_REG2: supplied by vcc3v3_sys
[    0.744883] vccio_flash: supplied by vcc1v8_soc
[    0.745898] LDO_REG3: supplied by vcc3v3_sys
[    0.749424] LDO_REG4: supplied by vcc3v3_sys
[    0.752971] LDO_REG5: supplied by vcc3v3_sys
[    0.755629] LDO_REG6: supplied by vcc3v3_sys
[    0.756744] vcc_sd: Bringing 3000000uV into 3300000-3300000uV
[    0.759549] LDO_REG7: supplied by vcc3v3_sys
[    0.760665] vcc2v8_dvp: Bringing 600000uV into 2800000-2800000uV
[    0.763530] LDO_REG8: supplied by vcc3v3_sys
[    0.764640] vcc1v8_dvp: Bringing 600000uV into 1800000-1800000uV
[    0.767237] vccio_dvp: supplied by vcc1v8_dvp
[    0.769133] LDO_REG9: supplied by vcc3v3_sys
[    0.770248] vdd1v5_dvp: Bringing 600000uV into 1500000-1500000uV
[    0.773223] SWITCH_REG1: supplied by vcc5v0_sys
[    0.775689] SWITCH_REG2: supplied by vcc3v3_sys
[    0.778581] rk817-battery rk817-battery: Failed to find matching dt id
[    0.779810] rk817-charger rk817-charger: Failed to find matching dt id
[    0.784145] input: rk8xx_pwrkey as /devices/platform/ff180000.i2c/i2c-0/0-0020/input/input0
[    0.790836] rk808-rtc rk808-rtc: rtc core: registered rk808-rtc as rtc0
[    0.793550] rk3x-i2c ff180000.i2c: Initialized RK3xxx I2C bus at ffffff8008abe000
[    0.796900] rk3x-i2c ff1a0000.i2c: Initialized RK3xxx I2C bus at ffffff8008ac0000
[    0.799480] rkisp1 ff4a0000.rkisp1: rkisp1 driver version: v00.01.05
[    0.813127] Boot mode: normal
[    0.815387] rockchip-thermal ff280000.tsadc: Missing tshut mode property, using default (cru)
[    0.816222] rockchip-thermal ff280000.tsadc: Missing tshut-polarity property, using default (low)
[    0.817247] rk_tsadcv2_temp_to_code: Invalid conversion table: code=4095, temperature=2147483647
[    0.818581] rockchip-thermal ff280000.tsadc: tsadc is probed successfully!
[    0.822495] cpu cpu0: bin=0
[    0.822922] cpu cpu0: leakage=10
[    0.839468] cpu cpu0: temp=37727, pvtm=53853 (53685 + 168)
[    0.843376] cpu cpu0: pvtm-volt-sel=1
[    0.844012] cpu cpu0: bin-scale=13
[    0.847963] cpu cpu0: avs=0
[    0.848444] cpu cpu0: l=0 h=2147483647 hyst=5000 l_limit=0 h_limit=0
[    0.853540] cpu cpu0: failed to find power_model node
[    0.856871] Synopsys Designware Multimedia Card Interface Driver
[    0.860052] dwmmc_rockchip ff380000.dwmmc: num-slots property not found, assuming 1 slot is available
[    0.861133] dwmmc_rockchip ff380000.dwmmc: IDMAC supports 32-bit address mode.
[    0.861874] dwmmc_rockchip ff380000.dwmmc: Using internal DMA controller.
[    0.862502] dwmmc_rockchip ff380000.dwmmc: Version ID is 270a
[    0.863206] dwmmc_rockchip ff380000.dwmmc: DW MMC controller at irq 23,32 bit host data width,256 deep fifo
[    0.864299] dwmmc_rockchip ff380000.dwmmc: No vmmc regulator found
[    0.864898] dwmmc_rockchip ff380000.dwmmc: No vqmmc regulator found
[    0.866067] dwmmc_rockchip ff380000.dwmmc: allocated mmc-pwrseq
[    0.880204] mmc_host mmc0: Bus speed (slot 0) = 400000Hz (slot req 400000Hz, actual 400000HZ div = 0)
[    0.893966] dwmmc_rockchip ff380000.dwmmc: 1 slots initialized
[    0.904715] rockchip-dmc dmc: unable to get devfreq-event device : dfi
[    0.908302] rknandc_base v1.1 2017-01-11
[    0.909629] rknandc ff3b0000.nandc: rknandc_probe clk rate = 150000000
[    0.910411] rkflash_dev_init enter
[    0.910730] ...nandc_flash_init enter...
[    0.911161] No.1 FLASH ID:98 da 90 15 76 16
[    0.911558] SFTL version: 5.0.56 20210329
[    0.918752] mmc_host mmc0: Bus speed (slot 0) = 300000Hz (slot req 300000Hz, actual 300000HZ div = 0)
[    0.958632] ...FtlVpcCheckAndModify enter...
[    0.959431] mmc_host mmc0: Bus speed (slot 0) = 200000Hz (slot req 200000Hz, actual 200000HZ div = 0)
[    0.983201] FtlCheckVpc 1cd = 7d  e
[    0.983536] FtlCheckVpc 1ce = 7f  0
[    0.985244] rkflash[0] init success
[    0.994119] rkflashd vendor storage init ok !
[    1.001293] mmc_host mmc0: Bus speed (slot 0) = 100000Hz (slot req 100000Hz, actual 100000HZ div = 0)
[    1.002978]  rkflash0: p1 p2 p3 p4 p5 p6 p7 p8 p9
[    1.007577] rkflash_dev_init device register as blk dev, ret= 0
[    1.014344] ip_tables: (C) 2000-2006 Netfilter Core Team
[    1.015443] NET: Registered protocol family 17
[    1.015975] NET: Registered protocol family 15
[    1.016398] [WLAN_RFKILL]: Enter rfkill_wlan_init
[    1.017459] [WLAN_RFKILL]: Enter rfkill_wlan_probe
[    1.017963] [WLAN_RFKILL]: wlan_platdata_parse_dt: wifi_chip_type = rtl8189fs
[    1.018599] [WLAN_RFKILL]: wlan_platdata_parse_dt: enable wifi power control.
[    1.019250] [WLAN_RFKILL]: wlan_platdata_parse_dt: wifi power controled by gpio.
[    1.020033] [WLAN_RFKILL]: wlan_platdata_parse_dt: get property: WIFI,host_wake_irq = 5, flags = 0.
[    1.020867] [WLAN_RFKILL]: wlan_platdata_parse_dt: The ref_wifi_clk not found !
[    1.021525] [WLAN_RFKILL]: rfkill_wlan_probe: init gpio
[    1.022013] [WLAN_RFKILL]: Exit rfkill_wlan_probe
[    1.022597] [BT_RFKILL]: Enter rfkill_rk_init
[    1.024244] flash vendor_init_thread!
[    1.024594] flash vendor storage:20170308 ret = -1
[    1.024869] ov7251 2-0060: driver version: 00.01.01
[    1.025079] ov7251 2-0060: Failed to get pwdn-gpios
[    1.029196] ov7251 2-0060: Unexpected sensor id(000000), ret(-5)
[    1.031098] Registered cp15_barrier emulation handler
[    1.031650] Registered setend emulation handler
[    1.035595] rga2: Driver loaded successfully ver:4.00
[    1.036503] rga2: Module initialized.
[    1.038832] rockchip-dmc dmc: current ATF version 0x105!
[    1.039334] rockchip-dmc dmc: read tf version 0x105!
[    1.042308] rockchip-dmc dmc: Failed to get leakage
[    1.043175] rockchip-dmc dmc: pvtm-volt-sel=1
[    1.044661] rockchip-dmc dmc: avs=0
[    1.045077] rockchip-dmc dmc: failed to get vop bandwidth to dmc rate
[    1.045660] rockchip-dmc dmc: failed to get vop pn to msch rl
[    1.046647] rockchip-dmc dmc: l=-2147483648 h=2147483647 hyst=0 l_limit=0 h_limit=0
[    1.049841] devfreq dmc: Couldn't update frequency transition information.
[    1.055619] asoc-simple-card rk809-sound: rk817-hifi <-> ff070000.i2s mapping ok
[    1.056348] asoc-simple-card rk809-sound: ASoC: no source widget found for MICBIAS1
[    1.057047] asoc-simple-card rk809-sound: ASoC: Failed to add route MICBIAS1 -> direct -> Mic Jack
[    1.057863] asoc-simple-card rk809-sound: ASoC: no sink widget found for IN1P
[    1.058498] asoc-simple-card rk809-sound: ASoC: Failed to add route Mic Jack -> direct -> IN1P
[    1.059281] asoc-simple-card rk809-sound: ASoC: no source widget found for HPOL
[    1.059952] asoc-simple-card rk809-sound: ASoC: Failed to add route HPOL -> direct -> Headphone Jack
[    1.060779] asoc-simple-card rk809-sound: ASoC: no source widget found for HPOR
[    1.061436] asoc-simple-card rk809-sound: ASoC: Failed to add route HPOR -> direct -> Headphone Jack
[    1.064522] ov7251 2-0060: driver version: 00.01.01
[    1.065220] ov7251 2-0060: Failed to get pwdn-gpios
[    1.069593] ov7251 2-0060: Detected OV007750 sensor
[    1.071636] rkisp1: Async subdev notifier completed
[    1.074297] input: gpio_keys as /devices/platform/gpio_keys/input/input1
[    1.077197] rk808-rtc rk808-rtc: setting system clock to 2017-08-05 09:00:12 UTC (1501923612)
[    1.122340] vccio_sdio: disabling
[    1.122668] vccio_dvp: disabling
[    1.122989] vccio_flash: disabling
[    1.123670] vccio_sd: disabling
[    1.124412] vcc_sd: disabling
[    1.125736] vcc3v3_lcd: disabling
[    1.126684] rkisp1 ff4a0000.rkisp1: clear unready subdev num: 0
[    1.128059] ALSA device list:
[    1.128336]   #0: rockchip,rk809-codec
[    1.133200] VFS: Mounted root (squashfs filesystem) readonly on device 31:6.
[    1.135934] devtmpfs: mounted
[    1.136567] Freeing unused kernel memory: 384K
[    1.567393] udevd[129]: starting version 3.2.7
[    1.595144] udevd[129]: specified group 'kvm' unknown
[    1.614723] udevd[130]: starting eudev-3.2.7
[    2.775826] EXT4-fs (rkflash0p8): couldn't mount as ext3 due to feature incompatibilities
[    2.777334] EXT4-fs (rkflash0p8): mounting ext2 file system using the ext4 subsystem
[    2.784207] EXT4-fs (rkflash0p8): mounted filesystem without journal. Opts: (null)
[    2.965422] EXT4-fs (rkflash0p9): couldn't mount as ext3 due to feature incompatibilities
[    2.966733] EXT4-fs (rkflash0p9): mounting ext2 file system using the ext4 subsystem
[    2.973511] EXT4-fs (rkflash0p9): mounted filesystem without journal. Opts: (null)
[    3.153604] EXT4-fs (rkflash0p7): couldn't mount as ext3 due to feature incompatibilities
[    3.155073] EXT4-fs (rkflash0p7): couldn't mount as ext2 due to feature incompatibilities
[    3.158183] EXT4-fs (rkflash0p7): mounted filesystem without journal. Opts: (null)
[    3.486341] file system registered
[    3.604591] read descriptors
[    3.604913] read strings
[    4.029865] vendor storage:20190527 ret = -1
[    4.608847] dwc2 ff300000.usb: bound driver configfs-gadget
[    4.768273] dwc2 ff300000.usb: new device is high-speed
[    4.771092] 
[    4.771258] =======================================================
[    4.771872] ==== Launching Wi-Fi driver! (Powered by Rockchip) ====
[    4.772428] =======================================================
[    4.773016] Realtek 8723DS SDIO WiFi driver (Powered by Rockchip,Ver v5.3.12_28613.20180703) init.
[    4.773830] [WLAN_RFKILL]: rockchip_wifi_power: 1
[    4.774252] [BT_RFKILL]: rfkill_get_bt_power_state: rfkill-bt driver has not Successful initialized
[    4.775084] [WLAN_RFKILL]: wifi turn on power. -1
[    4.775509] mmc0:mmc host rescan start!
[    4.802565] dwc2 ff300000.usb: new address 43
[    4.844903] android_work: sent uevent USB_STATE=CONNECTED
[    4.960972] configfs-gadget gadget: high-speed config #1: b
[    4.961729] android_work: sent uevent USB_STATE=CONFIGURED
[    5.775862] [WLAN_RFKILL]: rockchip_wifi_get_oob_irq: Enter
[    5.897694] ===>[qf] robot last time reboot is normal
[    7.170926] rtw_drv_log_level:0
[    8.418982] ttyS0 set divisor fail, quot:156 != dll,dlh:0
[    8.419700] ttyS0 set divisor fail, quot:1 != dll,dlh:0
[   10.905414] adbd (721): /proc/721/oom_adj is deprecated, please use /proc/721/oom_score_adj instead.
    1 root      2372 S    init
    2 root         0 SW   [kthreadd]
    3 root         0 SW   [ksoftirqd/0]
    4 root         0 SW   [kworker/0:0]
    5 root         0 SW<  [kworker/0:0H]
    6 root         0 SW   [kworker/u8:0]
    7 root         0 SW   [rcu_preempt]
    8 root         0 SW   [rcu_sched]
    9 root         0 SW   [rcu_bh]
   10 root         0 SW   [migration/0]
   11 root         0 SW   [watchdog/0]
   12 root         0 SW   [watchdog/1]
   13 root         0 SW   [migration/1]
   14 root         0 SW   [ksoftirqd/1]
   15 root         0 SW   [kworker/1:0]
   16 root         0 SW<  [kworker/1:0H]
   17 root         0 SW   [watchdog/2]
   18 root         0 SW   [migration/2]
   19 root         0 SW   [ksoftirqd/2]
   20 root         0 SW   [kworker/2:0]
   21 root         0 SW<  [kworker/2:0H]
   22 root         0 SW   [watchdog/3]
   23 root         0 SW   [migration/3]
   24 root         0 SW   [ksoftirqd/3]
   25 root         0 SW   [kworker/3:0]
   26 root         0 SW<  [kworker/3:0H]
   27 root         0 SW   [kdevtmpfs]
   28 root         0 SW<  [netns]
   29 root         0 SW<  [perf]
   30 root         0 SW   [khungtaskd]
   31 root         0 SW<  [writeback]
   32 root         0 SW<  [crypto]
   33 root         0 SW<  [bioset]
   34 root         0 SW<  [kblockd]
   35 root         0 SW   [kworker/0:1]
   36 root         0 SW<  [devfreq_wq]
   37 root         0 SW<  [cfg80211]
   38 root         0 SW   [cfinteractive]
   39 root         0 SW   [kworker/u8:1]
   54 root         0 SW   [kswapd0]
   55 root         0 SW<  [vmstat]
   56 root         0 SW   [fsnotify_mark]
   57 root         0 SW<  [SquashFS read w]
   80 root         0 SW   [irq/171-rockchi]
   81 root         0 SW   [irq/172-rockchi]
   82 root         0 SW   [irq/173-rockchi]
   83 root         0 SW   [irq/174-rockchi]
   84 root         0 SW<  [vcodec]
   85 root         0 SW   [irq/26-ff442000]
   86 root         0 SW   [irq/27-ff442000]
   87 root         0 SW   [irq/25-ff440000]
   88 root         0 SW   [hwrng]
   89 root         0 SW   [kworker/3:1]
   90 root         0 SW<  [bioset]
   91 root         0 SW   [spi1]
   92 root         0 SW   [kworker/1:1]
   93 root         0 SW   [irq/58-rk817]
   94 root         0 SW   [irq/21-rockchip]
   95 root         0 SW   [kworker/0:2]
   96 root         0 SW<  [bioset]
   97 root         0 DW   [rkflash]
  100 root         0 SW   [kworker/u8:2]
  101 root         0 SW   [kworker/u8:3]
  102 root         0 SW   [irq/31-rga]
  103 root         0 SW<  [deferwq]
  104 root         0 SW   [kworker/u8:4]
  105 root         0 SW   [kworker/2:1]
  106 root         0 SW   [kworker/2:2]
  107 root         0 SW   [kworker/2:3]
  108 root         0 SW   [kworker/1:2]
  109 root         0 SW   [kworker/3:2]
  110 root         0 SW<  [kworker/1:1H]
  114 root         0 SW<  [kworker/2:1H]
  115 root         0 SW   [kworker/3:3]
  126 root      2372 S    /sbin/klogd -n
  130 root      2836 S    /sbin/udevd -d
  169 root         0 SW<  [kworker/3:1H]
  378 root         0 SW<  [ext4-rsv-conver]
  445 root         0 SW<  [ext4-rsv-conver]
  512 root         0 SW<  [ext4-rsv-conver]
  526 root      2372 S    {watch_ntpd.sh} /bin/sh /usr/bin/watch_ntpd.sh
  536 root     72164 S    ntpd -gq
  537 root      4428 S    sleep 86400
  539 root         0 SW   [kworker/1:3]
  542 root      4756 S    /usr/sbin/sshd -f /etc/ssh/sshd_config_readonly
  580 root      164m S    /usr/bin/adbd
  600 root         0 SW   [kworker/2:4]
  601 root         0 SW   [kworker/1:4]
  632 root      1716 S    /usr/local/auto_feed_watchdog 5
  635 root      2372 S    /sbin/getty -L ttyFIQ0 0 vt100
  642 root      2372 S    {BootAuto.sh} /bin/sh /mnt/res/boot/BootAuto.sh
  680 root         0 SW<  [kworker/0:1H]
  681 root      4216 S    /mnt/res/app/L01Daemon 90
  683 root     23640 S    {MainThread} /mnt/res/app/Roboeye_server
  684 root     81636 S    /mnt/res/app/logFilter
  692 root      6976 S    /mnt/res/vapp/mosquitto -c /mnt/res/vapp/mosquitto.c
  697 root      5392 S    /mnt/res/vapp/logd
  700 root      4056 S    /mnt/res/vapp/www/lighttpd -f /mnt/res/vapp/www/ligh
  712 root      150m S    /mnt/res/vapp/devd -c /mnt/res/vapp/AC.conf
  719 root      2376 S    syslogd -O /tmp/systemlog.txt
  770 root      302m S    appd -f -o /tmp -c /mnt/res/vapp
  788 root         0 SW   [kworker/0:3]
  793 root     79220 S    /mnt/res/vapp/cond -c /mnt/res/vapp/cond.conf
 2363 root      2376 S    sh -c ps >> /tmp/dmesg.log
 2364 root      2376 R    ps
             total       used       free     shared    buffers     cached
Mem:        244772      77972     166800        240       8824      35948
-/+ buffers/cache:      33200     211572
Swap:            0          0          0
           CPU0       CPU1       CPU2       CPU3       
  1:          0          0          0          0     GICv2  29 Edge      arch_timer
  2:      42054      18797      14972      18501     GICv2  30 Edge      arch_timer
  5:      29497       3513       3169       2751     GICv2  62 Level     rk_timer
 10:      28600          0          0          0     GICv2  47 Level     serial
 15:       1299          0          0          0     GICv2  39 Level     ff180000.i2c
 16:          6          0          0          0     GICv2  41 Level     ff1a0000.i2c
 19:          0          0          0          0     GICv2  33 Level     ff240000.dmac
 20:          0          0          0          0     GICv2  34 Level     ff240000.dmac
 21:          0          0          0          0     GICv2  68 Level     rockchip_thermal
 22:        100          0          0          0     GICv2  94 Level     ff300000.usb, ff300000.usb
 23:         44          0          0          0     GICv2  87 Level     dw-mci
 24:          0          0          0          0     GICv2  89 Level     rknandc
 25:          0          0          0          0     GICv2  81 Level     ff440000.hevc_service
 26:          0          0          0          0     GICv2 112 Level     ff442000.vpu_service
 27:          0          0          0          0     GICv2 111 Level     ff442000.vpu_service
 31:          0          0          0          0     GICv2 108 Level     rga
 33:          0          0          0          0     GICv2 102 Level     rkisp1, ff4a0000.rkisp1
 34:          0          0          0          0     GICv2 105 Level     rkisp1
 35:          0          0          0          0     GICv2 106 Level     rkisp1
 36:          0          0          0          0     GICv2 137 Level     dmc
 56:     300852          0          0          0     gpio0  15 Edge      mcu wakeup L02
 58:          0          0          0          0     gpio0  17 Level     rk817
169:          0          0          0          0     GICv2 159 Edge      debug-signal
170:          0          0          0          0     GICv2  49 Level     debug
171:          0          0          0          0     GICv2 100 Level     rockchip_usb2phy
172:          0          0          0          0     GICv2  98 Level     rockchip_usb2phy_bvalid
173:          0          0          0          0     GICv2  96 Level     rockchip_usb2phy
174:          0          0          0          0     GICv2  97 Level     rockchip_usb2phy_id
175:          0          0          0          0     rk817   0 Edge      rk8xx_pwrkey_fall
176:          0          0          0          0     rk817   1 Edge      rk8xx_pwrkey_rise
180:          0          0          0          0     rk817   5 Edge      RTC alarm
IPI0:      4032       6289       5714       5285       Rescheduling interrupts
IPI1:        19         22         20         14       Function call interrupts
IPI2:         0          0          0          0       CPU stop interrupts
IPI3:         0          0          0          0       CPU stop (for crash dump) interrupts
IPI4:       939        235        249        277       Timer broadcast interrupts
IPI5:         3          0          0          0       IRQ work interrupts
IPI6:         0          0          0          0       CPU wake-up interrupts
Err:          0
1501923824watchProcess roboeye core dump or no data received for a long time 
[    0.000000] Booting Linux on physical CPU 0x0
[    0.000000] Initializing cgroup subsys cpuset
[    0.000000] Initializing cgroup subsys cpu
[    0.000000] Initializing cgroup subsys cpuacct
[    0.000000] Linux version 4.4.189 (zxg@bej-lt-pf28lkb1) (gcc version 6.3.1 20170404 (Linaro GCC 6.3-2017.05) ) #2 SMP PREEMPT Wed Jan 5 14:07:36 CST 2022
[    0.000000] Boot CPU: AArch64 Processor [410fd042]
[    0.000000] On node 0 totalpages: 65024
[    0.000000]   DMA zone: 1016 pages used for memmap
[    0.000000]   DMA zone: 0 pages reserved
[    0.000000]   DMA zone: 65024 pages, LIFO batch:15
[    0.000000] psci: probing for conduit method from DT.
[    0.000000] psci: PSCIv1.0 detected in firmware.
[    0.000000] psci: Using standard PSCI v0.2 function IDs
[    0.000000] psci: MIGRATE_INFO_TYPE not supported.
[    0.000000] PERCPU: Embedded 19 pages/cpu @ffffffc00ff40000 s37032 r8192 d32600 u77824
[    0.000000] pcpu-alloc: s37032 r8192 d32600 u77824 alloc=19*4096
[    0.000000] pcpu-alloc: [0] 0 [0] 1 [0] 2 [0] 3 
[    0.000000] Detected VIPT I-cache on CPU0
[    0.000000] Built 1 zonelists in Zone order, mobility grouping on.  Total pages: 64008
[    0.000000] Kernel command line: storagemedia=nand androidboot.storagemedia=nand androidboot.mode=normal  androidboot.slot_suffix= androidboot.serialno=L02M03VA10012A11T3M2221213H0440  rootwait swiotlb=1 console=ttyFIQ0 root=PARTUUID=614e0000-0000
[    0.000000] PID hash table entries: 1024 (order: 1, 8192 bytes)
[    0.000000] Dentry cache hash table entries: 32768 (order: 6, 262144 bytes)
[    0.000000] Inode-cache hash table entries: 16384 (order: 5, 131072 bytes)
[    0.000000] software IO TLB: mapped [mem 0x0fea0000-0x0fee0000] (0MB)
[    0.000000] Memory: 244388K/260096K available (5054K kernel code, 412K rwdata, 1784K rodata, 384K init, 1700K bss, 15708K reserved, 0K cma-reserved)
[    0.000000] Virtual kernel memory layout:
[    0.000000]     modules : 0xffffff8000000000 - 0xffffff8008000000   (   128 MB)
[    0.000000]     vmalloc : 0xffffff8008000000 - 0xffffffbdbfff0000   (   246 GB)
[    0.000000]       .init : 0xffffff8008740000 - 0xffffff80087a0000   (   384 KB)
[    0.000000]       .text : 0xffffff8008080000 - 0xffffff8008570000   (  5056 KB)
[    0.000000]     .rodata : 0xffffff8008570000 - 0xffffff8008740000   (  1856 KB)
[    0.000000]       .data : 0xffffff80087a0000 - 0xffffff8008807008   (   413 KB)
[    0.000000]     fixed   : 0xffffffbffe7fb000 - 0xffffffbffec00000   (  4116 KB)
[    0.000000]     PCI I/O : 0xffffffbffee00000 - 0xffffffbfffe00000   (    16 MB)
[    0.000000]     memory  : 0xffffffc000200000 - 0xffffffc010000000   (   254 MB)
[    0.000000] SLUB: HWalign=64, Order=0-3, MinObjects=0, CPUs=4, Nodes=1
[    0.000000] Preemptible hierarchical RCU implementation.
[    0.000000] 	Build-time adjustment of leaf fanout to 64.
[    0.000000] NR_IRQS:64 nr_irqs:64 0
[    0.000000] GIC: Using split EOI/Deactivate mode
[    0.000000] rockchip_mmc_get_phase: invalid clk rate
[    0.000000] rockchip_mmc_get_phase: invalid clk rate
[    0.000000] rockchip_mmc_get_phase: invalid clk rate
[    0.000000] rockchip_mmc_get_phase: invalid clk rate
[    0.000000] rockchip_mmc_get_phase: invalid clk rate
[    0.000000] rockchip_mmc_get_phase: invalid clk rate
[    0.000000] Architected cp15 timer(s) running at 24.00MHz (phys).
[    0.000000] clocksource: arch_sys_counter: mask: 0xffffffffffffff max_cycles: 0x588fe9dc0, max_idle_ns: 440795202592 ns
[    0.000009] sched_clock: 56 bits at 24MHz, resolution 41ns, wraps every 4398046511097ns
[    0.001693] Console: colour dummy device 80x25
[    0.001735] Calibrating delay loop (skipped), value calculated using timer frequency.. 48.00 BogoMIPS (lpj=24000)
[    0.001760] pid_max: default: 32768 minimum: 301
[    0.001978] Mount-cache hash table entries: 512 (order: 0, 4096 bytes)
[    0.001999] Mountpoint-cache hash table entries: 512 (order: 0, 4096 bytes)
[    0.003202] Initializing cgroup subsys devices
[    0.003246] Initializing cgroup subsys freezer
[    0.003828] sched-energy: CPU device node has no sched-energy-costs
[    0.003854] Invalid sched_group_energy for CPU0
[    0.003872] CPU0: update cpu_capacity 1024
[    0.003946] ASID allocator initialised with 32768 entries
[    0.015146] Detected VIPT I-cache on CPU1
[    0.015227] Invalid sched_group_energy for CPU1
[    0.015236] CPU1: update cpu_capacity 1024
[    0.015243] CPU1: Booted secondary processor [410fd042]
[    0.018202] Detected VIPT I-cache on CPU2
[    0.018263] Invalid sched_group_energy for CPU2
[    0.018271] CPU2: update cpu_capacity 1024
[    0.018278] CPU2: Booted secondary processor [410fd042]
[    0.021285] Detected VIPT I-cache on CPU3
[    0.021341] Invalid sched_group_energy for CPU3
[    0.021349] CPU3: update cpu_capacity 1024
[    0.021355] CPU3: Booted secondary processor [410fd042]
[    0.021496] Brought up 4 CPUs
[    0.021586] SMP: Total of 4 processors activated.
[    0.021608] CPU features: detected feature: 32-bit EL0 Support
[    0.021631] CPU: All CPU(s) started at EL2
[    0.021997] Invalid sched_group_energy for CPU3
[    0.022021] Invalid sched_group_energy for Cluster3
[    0.022037] Invalid sched_group_energy for CPU2
[    0.022055] Invalid sched_group_energy for Cluster2
[    0.022071] Invalid sched_group_energy for CPU1
[    0.022089] Invalid sched_group_energy for Cluster1
[    0.022106] Invalid sched_group_energy for CPU0
[    0.022124] Invalid sched_group_energy for Cluster0
[    0.023806] devtmpfs: initialized
[    0.099361] clocksource: jiffies: mask: 0xffffffff max_cycles: 0xffffffff, max_idle_ns: 1911260446275000 ns
[    0.099423] futex hash table entries: 1024 (order: 4, 65536 bytes)
[    0.100361] pinctrl core: initialized pinctrl subsystem
[    0.103408] NET: Registered protocol family 16
[    0.110011] cpuidle: using governor menu
[    0.110101] Registered FIQ tty driver
[    0.110450] vdso: 2 pages (1 code @ ffffff8008576000, 1 data @ ffffff80087a4000)
[    0.110523] hw-breakpoint: found 6 breakpoint and 4 watchpoint registers.
[    0.110882] DMA: preallocated 256 KiB pool for atomic allocations
[    0.191271] genirq: Setting trigger mode 8 for irq 169 failed (gic_set_type+0x0/0x48)
[    0.194373] console [pstore-1] enabled
[    0.194396] pstore: Registered ramoops as persistent store backend
[    0.194420] ramoops: attached 0xa0000@0x8000000, ecc: 0/0
[    0.245630] console [ttyFIQ0] enabled
[    0.246732] Registered fiq debugger ttyFIQ0
[    0.269007] rockchip-pm rockchip-suspend: not set pwm-regulator-config
[    0.271929] vccio_sdio: regulator get failed, ret=-517
[    0.273325] vccio_dvp: regulator get failed, ret=-517
[    0.274731] vccio_flash: regulator get failed, ret=-517
[    0.278069] iommu: Adding device ff440000.hevc_service to group 0
[    0.278928] iommu: Adding device ff442000.vpu_service to group 1
[    0.279754] iommu: Adding device ff460000.vop to group 2
[    0.280504] iommu: Adding device ff4a0000.rkisp1 to group 3
[    0.282680] rk_iommu ff440440.iommu: can't get sclk
[    0.283963] rk_iommu ff442800.iommu: can't get sclk
[    0.285012] rk_iommu ff460f00.iommu: can't get sclk
[    0.286131] rk_iommu ff490800.iommu: can't get sclk
[    0.287122] rk_iommu ff4a8000.iommu: can't get sclk
[    0.288325] media: Linux media interface: v0.10
[    0.288918] Linux video capture interface: v2.00
[    0.292342] Advanced Linux Sound Architecture Driver Initialized.
[    0.297129] rockchip-cpuinfo cpuinfo: Serial		: 48ba96c3a920ab17
[    0.298782] clocksource: Switched to clocksource arch_sys_counter
[    0.334243] thermal thermal_zone1: power_allocator: sustainable_power will be estimated
[    0.335649] NET: Registered protocol family 2
[    0.337460] TCP established hash table entries: 2048 (order: 2, 16384 bytes)
[    0.338200] TCP bind hash table entries: 2048 (order: 4, 65536 bytes)
[    0.338907] TCP: Hash tables configured (established 2048 bind 2048)
[    0.339639] UDP hash table entries: 256 (order: 2, 24576 bytes)
[    0.340261] UDP-Lite hash table entries: 256 (order: 2, 24576 bytes)
[    0.341433] NET: Registered protocol family 1
[    0.345154] hw perfevents: enabled with armv8_cortex_a53 PMU driver, 7 counters available
[    0.381362] squashfs: version 4.0 (2009/01/31) Phillip Lougher
[    0.389267] NET: Registered protocol family 38
[    0.389855] io scheduler noop registered (default)
[    0.393713] phy phy-ff2c0000.syscon:usb2-phy@100.1: Failed to get VBUS supply regulator
[    0.402504] rk-vcodec vpu_combo: no regulator for vcodec
[    0.403740] rk-vcodec vpu_combo: failed on clk_get clk_cabac
[    0.404604] platform ff442000.vpu_service: probe device
[    0.406008] platform ff442000.vpu_service: drm allocator with mmu enabled
[    0.408822] platform ff440000.hevc_service: probe device
[    0.410174] platform ff440000.hevc_service: drm allocator with mmu enabled
[    0.412380] rk-vcodec vpu_combo: could not find power_model node
[    0.412977] rk-vcodec vpu_combo: init success
[    0.425419] dma-pl330 ff240000.dmac: Loaded driver for PL330 DMAC-241330
[    0.426088] dma-pl330 ff240000.dmac: 	DBUFF-128x8bytes Num_Chans-8 Num_Peri-32 Num_Events-16
[    0.427701] rockchip-pvtm ff010000.syscon:pmu-pvtm: failed to get rst 0 pmu
[    0.428821] rockchip-pvtm ff148000.syscon:pvtm: failed to get rst 0 core
[    0.431125] rockchip-system-monitor rockchip-system-monitor: system monitor probe
[    0.433522] Serial: 8250/16550 driver, 6 ports, IRQ sharing disabled
[    0.435900] ff030000.serial: ttyS0 at MMIO 0xff030000 (irq = 10, base_baud = 6250000) is a 16550A
[    0.438477] ff158000.serial: ttyS1 at MMIO 0xff158000 (irq = 13, base_baud = 2500000) is a 16550A
[    0.441045] ff178000.serial: ttyS5 at MMIO 0xff178000 (irq = 14, base_baud = 6250000) is a 16550A
[    0.447691] random: nonblocking pool is initialized
[    0.448059] [drm] Initialized drm 1.1.0 20060810
[    0.450464] [drm] Rockchip DRM driver version: v1.0.1
[    0.451574] rockchip-drm display-subsystem: devfreq is not set
[    0.453897] rockchip-drm display-subsystem: bound ff460000.vop (ops 0xffffff80085cced0)
[    0.454633] [drm] Supports vblank timestamp caching Rev 2 (21.10.2013).
[    0.455262] [drm] No driver support for vblank timestamp query.
[    0.456069] rockchip-drm display-subsystem: failed to parse display resources
[    0.457700] rockchip-drm display-subsystem: master bind failed: -22
[    0.458378] rockchip-drm: probe of display-subsystem failed with error -22
[    0.460173] Unable to detect cache hierarchy for CPU 0
[    0.463112] zram: Added device: zram0
[    0.463565] lkdtm: No crash points registered, enable through debugfs
[    0.469968] Rockchip WiFi SYS interface (V1.00) ... 
[    0.471522] ff300000.usb supply vusb_d not found, using dummy regulator
[    0.472367] ff300000.usb supply vusb_a not found, using dummy regulator
[    0.475542] dwc2 ff300000.usb: Configuration mismatch. dr_mode forced to device
[    0.476272] dwc2 ff300000.usb: 128 invalid for host_nperio_tx_fifo_size. Check HW configuration.
[    0.477089] dwc2 ff300000.usb: 256 invalid for host_perio_tx_fifo_size. Check HW configuration.
[    0.477988] dwc2 ff300000.usb: EPs: 10, dedicated fifos, 972 entries in SPRAM
[    0.702094] phy phy-ff2c0000.syscon:usb2-phy@100.1: charger = USB_SDP_CHARGER
[    0.704731] i2c /dev entries driver
[    0.709043] rk808 0-0020: Pmic Chip id: 0x8090
[    0.710015] rk808 0-0020: source: on=0x40, off=0x00
[    0.711459] rk808 0-0020: support dcdc3 fb mode:-22, 244187136
[    0.712367] rk808 0-0020: support pmic reset mode:0,1
[    0.719070] rk808-regulator rk808-regulator: there is no dvs0 gpio
[    0.719669] rk808-regulator rk808-regulator: there is no dvs1 gpio
[    0.720610] DCDC_REG1: supplied by vcc5v0_sys
[    0.724202] DCDC_REG2: supplied by vcc5v0_sys
[    0.727589] DCDC_REG3: supplied by vcc5v0_sys
[    0.730914] DCDC_REG4: supplied by vcc5v0_sys
[    0.733834] vccio_sdio: supplied by vcc_3v0
[    0.735058] DCDC_REG5: supplied by vcc5v0_sys
[    0.737958] LDO_REG1: supplied by vcc3v3_sys
[    0.741484] LDO_REG2: supplied by vcc3v3_sys
[    0.744883] vccio_flash: supplied by vcc1v8_soc
[    0.745898] LDO_REG3: supplied by vcc3v3_sys
[    0.749424] LDO_REG4: supplied by vcc3v3_sys
[    0.752971] LDO_REG5: supplied by vcc3v3_sys
[    0.755629] LDO_REG6: supplied by vcc3v3_sys
[    0.756744] vcc_sd: Bringing 3000000uV into 3300000-3300000uV
[    0.759549] LDO_REG7: supplied by vcc3v3_sys
[    0.760665] vcc2v8_dvp: Bringing 600000uV into 2800000-2800000uV
[    0.763530] LDO_REG8: supplied by vcc3v3_sys
[    0.764640] vcc1v8_dvp: Bringing 600000uV into 1800000-1800000uV
[    0.767237] vccio_dvp: supplied by vcc1v8_dvp
[    0.769133] LDO_REG9: supplied by vcc3v3_sys
[    0.770248] vdd1v5_dvp: Bringing 600000uV into 1500000-1500000uV
[    0.773223] SWITCH_REG1: supplied by vcc5v0_sys
[    0.775689] SWITCH_REG2: supplied by vcc3v3_sys
[    0.778581] rk817-battery rk817-battery: Failed to find matching dt id
[    0.779810] rk817-charger rk817-charger: Failed to find matching dt id
[    0.784145] input: rk8xx_pwrkey as /devices/platform/ff180000.i2c/i2c-0/0-0020/input/input0
[    0.790836] rk808-rtc rk808-rtc: rtc core: registered rk808-rtc as rtc0
[    0.793550] rk3x-i2c ff180000.i2c: Initialized RK3xxx I2C bus at ffffff8008abe000
[    0.796900] rk3x-i2c ff1a0000.i2c: Initialized RK3xxx I2C bus at ffffff8008ac0000
[    0.799480] rkisp1 ff4a0000.rkisp1: rkisp1 driver version: v00.01.05
[    0.813127] Boot mode: normal
[    0.815387] rockchip-thermal ff280000.tsadc: Missing tshut mode property, using default (cru)
[    0.816222] rockchip-thermal ff280000.tsadc: Missing tshut-polarity property, using default (low)
[    0.817247] rk_tsadcv2_temp_to_code: Invalid conversion table: code=4095, temperature=2147483647
[    0.818581] rockchip-thermal ff280000.tsadc: tsadc is probed successfully!
[    0.822495] cpu cpu0: bin=0
[    0.822922] cpu cpu0: leakage=10
[    0.839468] cpu cpu0: temp=37727, pvtm=53853 (53685 + 168)
[    0.843376] cpu cpu0: pvtm-volt-sel=1
[    0.844012] cpu cpu0: bin-scale=13
[    0.847963] cpu cpu0: avs=0
[    0.848444] cpu cpu0: l=0 h=2147483647 hyst=5000 l_limit=0 h_limit=0
[    0.853540] cpu cpu0: failed to find power_model node
[    0.856871] Synopsys Designware Multimedia Card Interface Driver
[    0.860052] dwmmc_rockchip ff380000.dwmmc: num-slots property not found, assuming 1 slot is available
[    0.861133] dwmmc_rockchip ff380000.dwmmc: IDMAC supports 32-bit address mode.
[    0.861874] dwmmc_rockchip ff380000.dwmmc: Using internal DMA controller.
[    0.862502] dwmmc_rockchip ff380000.dwmmc: Version ID is 270a
[    0.863206] dwmmc_rockchip ff380000.dwmmc: DW MMC controller at irq 23,32 bit host data width,256 deep fifo
[    0.864299] dwmmc_rockchip ff380000.dwmmc: No vmmc regulator found
[    0.864898] dwmmc_rockchip ff380000.dwmmc: No vqmmc regulator found
[    0.866067] dwmmc_rockchip ff380000.dwmmc: allocated mmc-pwrseq
[    0.880204] mmc_host mmc0: Bus speed (slot 0) = 400000Hz (slot req 400000Hz, actual 400000HZ div = 0)
[    0.893966] dwmmc_rockchip ff380000.dwmmc: 1 slots initialized
[    0.904715] rockchip-dmc dmc: unable to get devfreq-event device : dfi
[    0.908302] rknandc_base v1.1 2017-01-11
[    0.909629] rknandc ff3b0000.nandc: rknandc_probe clk rate = 150000000
[    0.910411] rkflash_dev_init enter
[    0.910730] ...nandc_flash_init enter...
[    0.911161] No.1 FLASH ID:98 da 90 15 76 16
[    0.911558] SFTL version: 5.0.56 20210329
[    0.918752] mmc_host mmc0: Bus speed (slot 0) = 300000Hz (slot req 300000Hz, actual 300000HZ div = 0)
[    0.958632] ...FtlVpcCheckAndModify enter...
[    0.959431] mmc_host mmc0: Bus speed (slot 0) = 200000Hz (slot req 200000Hz, actual 200000HZ div = 0)
[    0.983201] FtlCheckVpc 1cd = 7d  e
[    0.983536] FtlCheckVpc 1ce = 7f  0
[    0.985244] rkflash[0] init success
[    0.994119] rkflashd vendor storage init ok !
[    1.001293] mmc_host mmc0: Bus speed (slot 0) = 100000Hz (slot req 100000Hz, actual 100000HZ div = 0)
[    1.002978]  rkflash0: p1 p2 p3 p4 p5 p6 p7 p8 p9
[    1.007577] rkflash_dev_init device register as blk dev, ret= 0
[    1.014344] ip_tables: (C) 2000-2006 Netfilter Core Team
[    1.015443] NET: Registered protocol family 17
[    1.015975] NET: Registered protocol family 15
[    1.016398] [WLAN_RFKILL]: Enter rfkill_wlan_init
[    1.017459] [WLAN_RFKILL]: Enter rfkill_wlan_probe
[    1.017963] [WLAN_RFKILL]: wlan_platdata_parse_dt: wifi_chip_type = rtl8189fs
[    1.018599] [WLAN_RFKILL]: wlan_platdata_parse_dt: enable wifi power control.
[    1.019250] [WLAN_RFKILL]: wlan_platdata_parse_dt: wifi power controled by gpio.
[    1.020033] [WLAN_RFKILL]: wlan_platdata_parse_dt: get property: WIFI,host_wake_irq = 5, flags = 0.
[    1.020867] [WLAN_RFKILL]: wlan_platdata_parse_dt: The ref_wifi_clk not found !
[    1.021525] [WLAN_RFKILL]: rfkill_wlan_probe: init gpio
[    1.022013] [WLAN_RFKILL]: Exit rfkill_wlan_probe
[    1.022597] [BT_RFKILL]: Enter rfkill_rk_init
[    1.024244] flash vendor_init_thread!
[    1.024594] flash vendor storage:20170308 ret = -1
[    1.024869] ov7251 2-0060: driver version: 00.01.01
[    1.025079] ov7251 2-0060: Failed to get pwdn-gpios
[    1.029196] ov7251 2-0060: Unexpected sensor id(000000), ret(-5)
[    1.031098] Registered cp15_barrier emulation handler
[    1.031650] Registered setend emulation handler
[    1.035595] rga2: Driver loaded successfully ver:4.00
[    1.036503] rga2: Module initialized.
[    1.038832] rockchip-dmc dmc: current ATF version 0x105!
[    1.039334] rockchip-dmc dmc: read tf version 0x105!
[    1.042308] rockchip-dmc dmc: Failed to get leakage
[    1.043175] rockchip-dmc dmc: pvtm-volt-sel=1
[    1.044661] rockchip-dmc dmc: avs=0
[    1.045077] rockchip-dmc dmc: failed to get vop bandwidth to dmc rate
[    1.045660] rockchip-dmc dmc: failed to get vop pn to msch rl
[    1.046647] rockchip-dmc dmc: l=-2147483648 h=2147483647 hyst=0 l_limit=0 h_limit=0
[    1.049841] devfreq dmc: Couldn't update frequency transition information.
[    1.055619] asoc-simple-card rk809-sound: rk817-hifi <-> ff070000.i2s mapping ok
[    1.056348] asoc-simple-card rk809-sound: ASoC: no source widget found for MICBIAS1
[    1.057047] asoc-simple-card rk809-sound: ASoC: Failed to add route MICBIAS1 -> direct -> Mic Jack
[    1.057863] asoc-simple-card rk809-sound: ASoC: no sink widget found for IN1P
[    1.058498] asoc-simple-card rk809-sound: ASoC: Failed to add route Mic Jack -> direct -> IN1P
[    1.059281] asoc-simple-card rk809-sound: ASoC: no source widget found for HPOL
[    1.059952] asoc-simple-card rk809-sound: ASoC: Failed to add route HPOL -> direct -> Headphone Jack
[    1.060779] asoc-simple-card rk809-sound: ASoC: no source widget found for HPOR
[    1.061436] asoc-simple-card rk809-sound: ASoC: Failed to add route HPOR -> direct -> Headphone Jack
[    1.064522] ov7251 2-0060: driver version: 00.01.01
[    1.065220] ov7251 2-0060: Failed to get pwdn-gpios
[    1.069593] ov7251 2-0060: Detected OV007750 sensor
[    1.071636] rkisp1: Async subdev notifier completed
[    1.074297] input: gpio_keys as /devices/platform/gpio_keys/input/input1
[    1.077197] rk808-rtc rk808-rtc: setting system clock to 2017-08-05 09:00:12 UTC (1501923612)
[    1.122340] vccio_sdio: disabling
[    1.122668] vccio_dvp: disabling
[    1.122989] vccio_flash: disabling
[    1.123670] vccio_sd: disabling
[    1.124412] vcc_sd: disabling
[    1.125736] vcc3v3_lcd: disabling
[    1.126684] rkisp1 ff4a0000.rkisp1: clear unready subdev num: 0
[    1.128059] ALSA device list:
[    1.128336]   #0: rockchip,rk809-codec
[    1.133200] VFS: Mounted root (squashfs filesystem) readonly on device 31:6.
[    1.135934] devtmpfs: mounted
[    1.136567] Freeing unused kernel memory: 384K
[    1.567393] udevd[129]: starting version 3.2.7
[    1.595144] udevd[129]: specified group 'kvm' unknown
[    1.614723] udevd[130]: starting eudev-3.2.7
[    2.775826] EXT4-fs (rkflash0p8): couldn't mount as ext3 due to feature incompatibilities
[    2.777334] EXT4-fs (rkflash0p8): mounting ext2 file system using the ext4 subsystem
[    2.784207] EXT4-fs (rkflash0p8): mounted filesystem without journal. Opts: (null)
[    2.965422] EXT4-fs (rkflash0p9): couldn't mount as ext3 due to feature incompatibilities
[    2.966733] EXT4-fs (rkflash0p9): mounting ext2 file system using the ext4 subsystem
[    2.973511] EXT4-fs (rkflash0p9): mounted filesystem without journal. Opts: (null)
[    3.153604] EXT4-fs (rkflash0p7): couldn't mount as ext3 due to feature incompatibilities
[    3.155073] EXT4-fs (rkflash0p7): couldn't mount as ext2 due to feature incompatibilities
[    3.158183] EXT4-fs (rkflash0p7): mounted filesystem without journal. Opts: (null)
[    3.486341] file system registered
[    3.604591] read descriptors
[    3.604913] read strings
[    4.029865] vendor storage:20190527 ret = -1
[    4.608847] dwc2 ff300000.usb: bound driver configfs-gadget
[    4.768273] dwc2 ff300000.usb: new device is high-speed
[    4.771092] 
[    4.771258] =======================================================
[    4.771872] ==== Launching Wi-Fi driver! (Powered by Rockchip) ====
[    4.772428] =======================================================
[    4.773016] Realtek 8723DS SDIO WiFi driver (Powered by Rockchip,Ver v5.3.12_28613.20180703) init.
[    4.773830] [WLAN_RFKILL]: rockchip_wifi_power: 1
[    4.774252] [BT_RFKILL]: rfkill_get_bt_power_state: rfkill-bt driver has not Successful initialized
[    4.775084] [WLAN_RFKILL]: wifi turn on power. -1
[    4.775509] mmc0:mmc host rescan start!
[    4.802565] dwc2 ff300000.usb: new address 43
[    4.844903] android_work: sent uevent USB_STATE=CONNECTED
[    4.960972] configfs-gadget gadget: high-speed config #1: b
[    4.961729] android_work: sent uevent USB_STATE=CONFIGURED
[    5.775862] [WLAN_RFKILL]: rockchip_wifi_get_oob_irq: Enter
[    5.897694] ===>[qf] robot last time reboot is normal
[    7.170926] rtw_drv_log_level:0
[    8.418982] ttyS0 set divisor fail, quot:156 != dll,dlh:0
[    8.419700] ttyS0 set divisor fail, quot:1 != dll,dlh:0
[   10.905414] adbd (721): /proc/721/oom_adj is deprecated, please use /proc/721/oom_score_adj instead.
[  117.450199] ttyS0 set divisor fail, quot:1 != dll,dlh:0
    1 root      2372 S    init
    2 root         0 SW   [kthreadd]
    3 root         0 SW   [ksoftirqd/0]
    4 root         0 SW   [kworker/0:0]
    5 root         0 SW<  [kworker/0:0H]
    6 root         0 SW   [kworker/u8:0]
    7 root         0 SW   [rcu_preempt]
    8 root         0 SW   [rcu_sched]
    9 root         0 SW   [rcu_bh]
   10 root         0 SW   [migration/0]
   11 root         0 SW   [watchdog/0]
   12 root         0 SW   [watchdog/1]
   13 root         0 SW   [migration/1]
   14 root         0 SW   [ksoftirqd/1]
   15 root         0 SW   [kworker/1:0]
   16 root         0 SW<  [kworker/1:0H]
   17 root         0 SW   [watchdog/2]
   18 root         0 SW   [migration/2]
   19 root         0 SW   [ksoftirqd/2]
   20 root         0 SW   [kworker/2:0]
   21 root         0 SW<  [kworker/2:0H]
   22 root         0 SW   [watchdog/3]
   23 root         0 SW   [migration/3]
   24 root         0 SW   [ksoftirqd/3]
   25 root         0 SW   [kworker/3:0]
   26 root         0 SW<  [kworker/3:0H]
   27 root         0 SW   [kdevtmpfs]
   28 root         0 SW<  [netns]
   29 root         0 SW<  [perf]
   30 root         0 SW   [khungtaskd]
   31 root         0 SW<  [writeback]
   32 root         0 SW<  [crypto]
   33 root         0 SW<  [bioset]
   34 root         0 SW<  [kblockd]
   35 root         0 SW   [kworker/0:1]
   36 root         0 SW<  [devfreq_wq]
   37 root         0 SW<  [cfg80211]
   38 root         0 SW   [cfinteractive]
   39 root         0 SW   [kworker/u8:1]
   54 root         0 SW   [kswapd0]
   55 root         0 SW<  [vmstat]
   56 root         0 SW   [fsnotify_mark]
   57 root         0 SW<  [SquashFS read w]
   80 root         0 SW   [irq/171-rockchi]
   81 root         0 SW   [irq/172-rockchi]
   82 root         0 SW   [irq/173-rockchi]
   83 root         0 SW   [irq/174-rockchi]
   84 root         0 SW<  [vcodec]
   85 root         0 SW   [irq/26-ff442000]
   86 root         0 SW   [irq/27-ff442000]
   87 root         0 SW   [irq/25-ff440000]
   88 root         0 SW   [hwrng]
   89 root         0 SW   [kworker/3:1]
   90 root         0 SW<  [bioset]
   91 root         0 SW   [spi1]
   92 root         0 SW   [kworker/1:1]
   93 root         0 SW   [irq/58-rk817]
   94 root         0 SW   [irq/21-rockchip]
   95 root         0 SW   [kworker/0:2]
   96 root         0 SW<  [bioset]
   97 root         0 DW   [rkflash]
  100 root         0 SW   [kworker/u8:2]
  101 root         0 SW   [kworker/u8:3]
  102 root         0 SW   [irq/31-rga]
  103 root         0 SW<  [deferwq]
  104 root         0 SW   [kworker/u8:4]
  105 root         0 SW   [kworker/2:1]
  106 root         0 SW   [kworker/2:2]
  107 root         0 SW   [kworker/2:3]
  108 root         0 SW   [kworker/1:2]
  109 root         0 SW   [kworker/3:2]
  110 root         0 SW<  [kworker/1:1H]
  114 root         0 SW<  [kworker/2:1H]
  115 root         0 SW   [kworker/3:3]
  126 root      2372 S    /sbin/klogd -n
  130 root      2836 S    /sbin/udevd -d
  169 root         0 SW<  [kworker/3:1H]
  378 root         0 SW<  [ext4-rsv-conver]
  445 root         0 SW<  [ext4-rsv-conver]
  512 root         0 SW<  [ext4-rsv-conver]
  526 root      2372 S    {watch_ntpd.sh} /bin/sh /usr/bin/watch_ntpd.sh
  536 root     72164 S    ntpd -gq
  537 root      4428 S    sleep 86400
  539 root         0 SW   [kworker/1:3]
  542 root      4756 S    /usr/sbin/sshd -f /etc/ssh/sshd_config_readonly
  580 root      164m S    /usr/bin/adbd
  600 root         0 SW   [kworker/2:4]
  601 root         0 SW   [kworker/1:4]
  632 root      1716 S    /usr/local/auto_feed_watchdog 5
  635 root      2372 S    /sbin/getty -L ttyFIQ0 0 vt100
  680 root         0 SW<  [kworker/0:1H]
  681 root      4216 S    /mnt/res/app/L01Daemon 90
  692 root      6976 S    /mnt/res/vapp/mosquitto -c /mnt/res/vapp/mosquitto.c
  697 root      5392 S    /mnt/res/vapp/logd
  700 root      4056 S    /mnt/res/vapp/www/lighttpd -f /mnt/res/vapp/www/ligh
  712 root      150m S    /mnt/res/vapp/devd -c /mnt/res/vapp/AC.conf
  719 root      2376 S    syslogd -O /tmp/systemlog.txt
  770 root      302m S    appd -f -o /tmp -c /mnt/res/vapp
  788 root         0 SW   [kworker/0:3]
  793 root     79220 S    /mnt/res/vapp/cond -c /mnt/res/vapp/cond.conf
 2416 root     23640 S    {MainThread} /mnt/res/app/Roboeye_server
 2417 root     81636 S    /mnt/res/app/logFilter
 4220 root      2376 S    sh -c ps >> /tmp/dmesg.log
 4222 root      2376 R    ps
             total       used       free     shared    buffers     cached
Mem:        244772      82252     162520        388       8848      36212
-/+ buffers/cache:      37192     207580
Swap:            0          0          0
           CPU0       CPU1       CPU2       CPU3       
  1:          0          0          0          0     GICv2  29 Edge      arch_timer
  2:      57405      27862      24224      27625     GICv2  30 Edge      arch_timer
  5:      55032       6560       5634       5503     GICv2  62 Level     rk_timer
 10:      54055          0          0          0     GICv2  47 Level     serial
 15:       1299          0          0          0     GICv2  39 Level     ff180000.i2c
 16:          6          0          0          0     GICv2  41 Level     ff1a0000.i2c
 19:          0          0          0          0     GICv2  33 Level     ff240000.dmac
 20:          0          0          0          0     GICv2  34 Level     ff240000.dmac
 21:          0          0          0          0     GICv2  68 Level     rockchip_thermal
 22:        100          0          0          0     GICv2  94 Level     ff300000.usb, ff300000.usb
 23:         44          0          0          0     GICv2  87 Level     dw-mci
 24:          0          0          0          0     GICv2  89 Level     rknandc
 25:          0          0          0          0     GICv2  81 Level     ff440000.hevc_service
 26:          0          0          0          0     GICv2 112 Level     ff442000.vpu_service
 27:          0          0          0          0     GICv2 111 Level     ff442000.vpu_service
 31:          0          0          0          0     GICv2 108 Level     rga
 33:          0          0          0          0     GICv2 102 Level     rkisp1, ff4a0000.rkisp1
 34:          0          0          0          0     GICv2 105 Level     rkisp1
 35:          0          0          0          0     GICv2 106 Level     rkisp1
 36:          0          0          0          0     GICv2 137 Level     dmc
 56:     561721          0          0          0     gpio0  15 Edge      mcu wakeup L02
 58:          0          0          0          0     gpio0  17 Level     rk817
169:          0          0          0          0     GICv2 159 Edge      debug-signal
170:          0          0          0          0     GICv2  49 Level     debug
171:          0          0          0          0     GICv2 100 Level     rockchip_usb2phy
172:          0          0          0          0     GICv2  98 Level     rockchip_usb2phy_bvalid
173:          0          0          0          0     GICv2  96 Level     rockchip_usb2phy
174:          0          0          0          0     GICv2  97 Level     rockchip_usb2phy_id
175:          0          0          0          0     rk817   0 Edge      rk8xx_pwrkey_fall
176:          0          0          0          0     rk817   1 Edge      rk8xx_pwrkey_rise
180:          0          0          0          0     rk817   5 Edge      RTC alarm
IPI0:      7176      11591      10132       9587       Rescheduling interrupts
IPI1:        19         22         20         14       Function call interrupts
IPI2:         0          0          0          0       CPU stop interrupts
IPI3:         0          0          0          0       CPU stop (for crash dump) interrupts
IPI4:      1705        424        521        546       Timer broadcast interrupts
IPI5:         3          0          0          0       IRQ work interrupts
IPI6:         0          0          0          0       CPU wake-up interrupts
Err:          0
1501923921watchProcess roboeye core dump or no data received for a long time 
[    0.000000] Booting Linux on physical CPU 0x0
[    0.000000] Initializing cgroup subsys cpuset
[    0.000000] Initializing cgroup subsys cpu
[    0.000000] Initializing cgroup subsys cpuacct
[    0.000000] Linux version 4.4.189 (zxg@bej-lt-pf28lkb1) (gcc version 6.3.1 20170404 (Linaro GCC 6.3-2017.05) ) #2 SMP PREEMPT Wed Jan 5 14:07:36 CST 2022
[    0.000000] Boot CPU: AArch64 Processor [410fd042]
[    0.000000] On node 0 totalpages: 65024
[    0.000000]   DMA zone: 1016 pages used for memmap
[    0.000000]   DMA zone: 0 pages reserved
[    0.000000]   DMA zone: 65024 pages, LIFO batch:15
[    0.000000] psci: probing for conduit method from DT.
[    0.000000] psci: PSCIv1.0 detected in firmware.
[    0.000000] psci: Using standard PSCI v0.2 function IDs
[    0.000000] psci: MIGRATE_INFO_TYPE not supported.
[    0.000000] PERCPU: Embedded 19 pages/cpu @ffffffc00ff40000 s37032 r8192 d32600 u77824
[    0.000000] pcpu-alloc: s37032 r8192 d32600 u77824 alloc=19*4096
[    0.000000] pcpu-alloc: [0] 0 [0] 1 [0] 2 [0] 3 
[    0.000000] Detected VIPT I-cache on CPU0
[    0.000000] Built 1 zonelists in Zone order, mobility grouping on.  Total pages: 64008
[    0.000000] Kernel command line: storagemedia=nand androidboot.storagemedia=nand androidboot.mode=normal  androidboot.slot_suffix= androidboot.serialno=L02M03VA10012A11T3M2221213H0440  rootwait swiotlb=1 console=ttyFIQ0 root=PARTUUID=614e0000-0000
[    0.000000] PID hash table entries: 1024 (order: 1, 8192 bytes)
[    0.000000] Dentry cache hash table entries: 32768 (order: 6, 262144 bytes)
[    0.000000] Inode-cache hash table entries: 16384 (order: 5, 131072 bytes)
[    0.000000] software IO TLB: mapped [mem 0x0fea0000-0x0fee0000] (0MB)
[    0.000000] Memory: 244388K/260096K available (5054K kernel code, 412K rwdata, 1784K rodata, 384K init, 1700K bss, 15708K reserved, 0K cma-reserved)
[    0.000000] Virtual kernel memory layout:
[    0.000000]     modules : 0xffffff8000000000 - 0xffffff8008000000   (   128 MB)
[    0.000000]     vmalloc : 0xffffff8008000000 - 0xffffffbdbfff0000   (   246 GB)
[    0.000000]       .init : 0xffffff8008740000 - 0xffffff80087a0000   (   384 KB)
[    0.000000]       .text : 0xffffff8008080000 - 0xffffff8008570000   (  5056 KB)
[    0.000000]     .rodata : 0xffffff8008570000 - 0xffffff8008740000   (  1856 KB)
[    0.000000]       .data : 0xffffff80087a0000 - 0xffffff8008807008   (   413 KB)
[    0.000000]     fixed   : 0xffffffbffe7fb000 - 0xffffffbffec00000   (  4116 KB)
[    0.000000]     PCI I/O : 0xffffffbffee00000 - 0xffffffbfffe00000   (    16 MB)
[    0.000000]     memory  : 0xffffffc000200000 - 0xffffffc010000000   (   254 MB)
[    0.000000] SLUB: HWalign=64, Order=0-3, MinObjects=0, CPUs=4, Nodes=1
[    0.000000] Preemptible hierarchical RCU implementation.
[    0.000000] 	Build-time adjustment of leaf fanout to 64.
[    0.000000] NR_IRQS:64 nr_irqs:64 0
[    0.000000] GIC: Using split EOI/Deactivate mode
[    0.000000] rockchip_mmc_get_phase: invalid clk rate
[    0.000000] rockchip_mmc_get_phase: invalid clk rate
[    0.000000] rockchip_mmc_get_phase: invalid clk rate
[    0.000000] rockchip_mmc_get_phase: invalid clk rate
[    0.000000] rockchip_mmc_get_phase: invalid clk rate
[    0.000000] rockchip_mmc_get_phase: invalid clk rate
[    0.000000] Architected cp15 timer(s) running at 24.00MHz (phys).
[    0.000000] clocksource: arch_sys_counter: mask: 0xffffffffffffff max_cycles: 0x588fe9dc0, max_idle_ns: 440795202592 ns
[    0.000009] sched_clock: 56 bits at 24MHz, resolution 41ns, wraps every 4398046511097ns
[    0.001693] Console: colour dummy device 80x25
[    0.001735] Calibrating delay loop (skipped), value calculated using timer frequency.. 48.00 BogoMIPS (lpj=24000)
[    0.001760] pid_max: default: 32768 minimum: 301
[    0.001978] Mount-cache hash table entries: 512 (order: 0, 4096 bytes)
[    0.001999] Mountpoint-cache hash table entries: 512 (order: 0, 4096 bytes)
[    0.003202] Initializing cgroup subsys devices
[    0.003246] Initializing cgroup subsys freezer
[    0.003828] sched-energy: CPU device node has no sched-energy-costs
[    0.003854] Invalid sched_group_energy for CPU0
[    0.003872] CPU0: update cpu_capacity 1024
[    0.003946] ASID allocator initialised with 32768 entries
[    0.015146] Detected VIPT I-cache on CPU1
[    0.015227] Invalid sched_group_energy for CPU1
[    0.015236] CPU1: update cpu_capacity 1024
[    0.015243] CPU1: Booted secondary processor [410fd042]
[    0.018202] Detected VIPT I-cache on CPU2
[    0.018263] Invalid sched_group_energy for CPU2
[    0.018271] CPU2: update cpu_capacity 1024
[    0.018278] CPU2: Booted secondary processor [410fd042]
[    0.021285] Detected VIPT I-cache on CPU3
[    0.021341] Invalid sched_group_energy for CPU3
[    0.021349] CPU3: update cpu_capacity 1024
[    0.021355] CPU3: Booted secondary processor [410fd042]
[    0.021496] Brought up 4 CPUs
[    0.021586] SMP: Total of 4 processors activated.
[    0.021608] CPU features: detected feature: 32-bit EL0 Support
[    0.021631] CPU: All CPU(s) started at EL2
[    0.021997] Invalid sched_group_energy for CPU3
[    0.022021] Invalid sched_group_energy for Cluster3
[    0.022037] Invalid sched_group_energy for CPU2
[    0.022055] Invalid sched_group_energy for Cluster2
[    0.022071] Invalid sched_group_energy for CPU1
[    0.022089] Invalid sched_group_energy for Cluster1
[    0.022106] Invalid sched_group_energy for CPU0
[    0.022124] Invalid sched_group_energy for Cluster0
[    0.023806] devtmpfs: initialized
[    0.099361] clocksource: jiffies: mask: 0xffffffff max_cycles: 0xffffffff, max_idle_ns: 1911260446275000 ns
[    0.099423] futex hash table entries: 1024 (order: 4, 65536 bytes)
[    0.100361] pinctrl core: initialized pinctrl subsystem
[    0.103408] NET: Registered protocol family 16
[    0.110011] cpuidle: using governor menu
[    0.110101] Registered FIQ tty driver
[    0.110450] vdso: 2 pages (1 code @ ffffff8008576000, 1 data @ ffffff80087a4000)
[    0.110523] hw-breakpoint: found 6 breakpoint and 4 watchpoint registers.
[    0.110882] DMA: preallocated 256 KiB pool for atomic allocations
[    0.191271] genirq: Setting trigger mode 8 for irq 169 failed (gic_set_type+0x0/0x48)
[    0.194373] console [pstore-1] enabled
[    0.194396] pstore: Registered ramoops as persistent store backend
[    0.194420] ramoops: attached 0xa0000@0x8000000, ecc: 0/0
[    0.245630] console [ttyFIQ0] enabled
[    0.246732] Registered fiq debugger ttyFIQ0
[    0.269007] rockchip-pm rockchip-suspend: not set pwm-regulator-config
[    0.271929] vccio_sdio: regulator get failed, ret=-517
[    0.273325] vccio_dvp: regulator get failed, ret=-517
[    0.274731] vccio_flash: regulator get failed, ret=-517
[    0.278069] iommu: Adding device ff440000.hevc_service to group 0
[    0.278928] iommu: Adding device ff442000.vpu_service to group 1
[    0.279754] iommu: Adding device ff460000.vop to group 2
[    0.280504] iommu: Adding device ff4a0000.rkisp1 to group 3
[    0.282680] rk_iommu ff440440.iommu: can't get sclk
[    0.283963] rk_iommu ff442800.iommu: can't get sclk
[    0.285012] rk_iommu ff460f00.iommu: can't get sclk
[    0.286131] rk_iommu ff490800.iommu: can't get sclk
[    0.287122] rk_iommu ff4a8000.iommu: can't get sclk
[    0.288325] media: Linux media interface: v0.10
[    0.288918] Linux video capture interface: v2.00
[    0.292342] Advanced Linux Sound Architecture Driver Initialized.
[    0.297129] rockchip-cpuinfo cpuinfo: Serial		: 48ba96c3a920ab17
[    0.298782] clocksource: Switched to clocksource arch_sys_counter
[    0.334243] thermal thermal_zone1: power_allocator: sustainable_power will be estimated
[    0.335649] NET: Registered protocol family 2
[    0.337460] TCP established hash table entries: 2048 (order: 2, 16384 bytes)
[    0.338200] TCP bind hash table entries: 2048 (order: 4, 65536 bytes)
[    0.338907] TCP: Hash tables configured (established 2048 bind 2048)
[    0.339639] UDP hash table entries: 256 (order: 2, 24576 bytes)
[    0.340261] UDP-Lite hash table entries: 256 (order: 2, 24576 bytes)
[    0.341433] NET: Registered protocol family 1
[    0.345154] hw perfevents: enabled with armv8_cortex_a53 PMU driver, 7 counters available
[    0.381362] squashfs: version 4.0 (2009/01/31) Phillip Lougher
[    0.389267] NET: Registered protocol family 38
[    0.389855] io scheduler noop registered (default)
[    0.393713] phy phy-ff2c0000.syscon:usb2-phy@100.1: Failed to get VBUS supply regulator
[    0.402504] rk-vcodec vpu_combo: no regulator for vcodec
[    0.403740] rk-vcodec vpu_combo: failed on clk_get clk_cabac
[    0.404604] platform ff442000.vpu_service: probe device
[    0.406008] platform ff442000.vpu_service: drm allocator with mmu enabled
[    0.408822] platform ff440000.hevc_service: probe device
[    0.410174] platform ff440000.hevc_service: drm allocator with mmu enabled
[    0.412380] rk-vcodec vpu_combo: could not find power_model node
[    0.412977] rk-vcodec vpu_combo: init success
[    0.425419] dma-pl330 ff240000.dmac: Loaded driver for PL330 DMAC-241330
[    0.426088] dma-pl330 ff240000.dmac: 	DBUFF-128x8bytes Num_Chans-8 Num_Peri-32 Num_Events-16
[    0.427701] rockchip-pvtm ff010000.syscon:pmu-pvtm: failed to get rst 0 pmu
[    0.428821] rockchip-pvtm ff148000.syscon:pvtm: failed to get rst 0 core
[    0.431125] rockchip-system-monitor rockchip-system-monitor: system monitor probe
[    0.433522] Serial: 8250/16550 driver, 6 ports, IRQ sharing disabled
[    0.435900] ff030000.serial: ttyS0 at MMIO 0xff030000 (irq = 10, base_baud = 6250000) is a 16550A
[    0.438477] ff158000.serial: ttyS1 at MMIO 0xff158000 (irq = 13, base_baud = 2500000) is a 16550A
[    0.441045] ff178000.serial: ttyS5 at MMIO 0xff178000 (irq = 14, base_baud = 6250000) is a 16550A
[    0.447691] random: nonblocking pool is initialized
[    0.448059] [drm] Initialized drm 1.1.0 20060810
[    0.450464] [drm] Rockchip DRM driver version: v1.0.1
[    0.451574] rockchip-drm display-subsystem: devfreq is not set
[    0.453897] rockchip-drm display-subsystem: bound ff460000.vop (ops 0xffffff80085cced0)
[    0.454633] [drm] Supports vblank timestamp caching Rev 2 (21.10.2013).
[    0.455262] [drm] No driver support for vblank timestamp query.
[    0.456069] rockchip-drm display-subsystem: failed to parse display resources
[    0.457700] rockchip-drm display-subsystem: master bind failed: -22
[    0.458378] rockchip-drm: probe of display-subsystem failed with error -22
[    0.460173] Unable to detect cache hierarchy for CPU 0
[    0.463112] zram: Added device: zram0
[    0.463565] lkdtm: No crash points registered, enable through debugfs
[    0.469968] Rockchip WiFi SYS interface (V1.00) ... 
[    0.471522] ff300000.usb supply vusb_d not found, using dummy regulator
[    0.472367] ff300000.usb supply vusb_a not found, using dummy regulator
[    0.475542] dwc2 ff300000.usb: Configuration mismatch. dr_mode forced to device
[    0.476272] dwc2 ff300000.usb: 128 invalid for host_nperio_tx_fifo_size. Check HW configuration.
[    0.477089] dwc2 ff300000.usb: 256 invalid for host_perio_tx_fifo_size. Check HW configuration.
[    0.477988] dwc2 ff300000.usb: EPs: 10, dedicated fifos, 972 entries in SPRAM
[    0.702094] phy phy-ff2c0000.syscon:usb2-phy@100.1: charger = USB_SDP_CHARGER
[    0.704731] i2c /dev entries driver
[    0.709043] rk808 0-0020: Pmic Chip id: 0x8090
[    0.710015] rk808 0-0020: source: on=0x40, off=0x00
[    0.711459] rk808 0-0020: support dcdc3 fb mode:-22, 244187136
[    0.712367] rk808 0-0020: support pmic reset mode:0,1
[    0.719070] rk808-regulator rk808-regulator: there is no dvs0 gpio
[    0.719669] rk808-regulator rk808-regulator: there is no dvs1 gpio
[    0.720610] DCDC_REG1: supplied by vcc5v0_sys
[    0.724202] DCDC_REG2: supplied by vcc5v0_sys
[    0.727589] DCDC_REG3: supplied by vcc5v0_sys
[    0.730914] DCDC_REG4: supplied by vcc5v0_sys
[    0.733834] vccio_sdio: supplied by vcc_3v0
[    0.735058] DCDC_REG5: supplied by vcc5v0_sys
[    0.737958] LDO_REG1: supplied by vcc3v3_sys
[    0.741484] LDO_REG2: supplied by vcc3v3_sys
[    0.744883] vccio_flash: supplied by vcc1v8_soc
[    0.745898] LDO_REG3: supplied by vcc3v3_sys
[    0.749424] LDO_REG4: supplied by vcc3v3_sys
[    0.752971] LDO_REG5: supplied by vcc3v3_sys
[    0.755629] LDO_REG6: supplied by vcc3v3_sys
[    0.756744] vcc_sd: Bringing 3000000uV into 3300000-3300000uV
[    0.759549] LDO_REG7: supplied by vcc3v3_sys
[    0.760665] vcc2v8_dvp: Bringing 600000uV into 2800000-2800000uV
[    0.763530] LDO_REG8: supplied by vcc3v3_sys
[    0.764640] vcc1v8_dvp: Bringing 600000uV into 1800000-1800000uV
[    0.767237] vccio_dvp: supplied by vcc1v8_dvp
[    0.769133] LDO_REG9: supplied by vcc3v3_sys
[    0.770248] vdd1v5_dvp: Bringing 600000uV into 1500000-1500000uV
[    0.773223] SWITCH_REG1: supplied by vcc5v0_sys
[    0.775689] SWITCH_REG2: supplied by vcc3v3_sys
[    0.778581] rk817-battery rk817-battery: Failed to find matching dt id
[    0.779810] rk817-charger rk817-charger: Failed to find matching dt id
[    0.784145] input: rk8xx_pwrkey as /devices/platform/ff180000.i2c/i2c-0/0-0020/input/input0
[    0.790836] rk808-rtc rk808-rtc: rtc core: registered rk808-rtc as rtc0
[    0.793550] rk3x-i2c ff180000.i2c: Initialized RK3xxx I2C bus at ffffff8008abe000
[    0.796900] rk3x-i2c ff1a0000.i2c: Initialized RK3xxx I2C bus at ffffff8008ac0000
[    0.799480] rkisp1 ff4a0000.rkisp1: rkisp1 driver version: v00.01.05
[    0.813127] Boot mode: normal
[    0.815387] rockchip-thermal ff280000.tsadc: Missing tshut mode property, using default (cru)
[    0.816222] rockchip-thermal ff280000.tsadc: Missing tshut-polarity property, using default (low)
[    0.817247] rk_tsadcv2_temp_to_code: Invalid conversion table: code=4095, temperature=2147483647
[    0.818581] rockchip-thermal ff280000.tsadc: tsadc is probed successfully!
[    0.822495] cpu cpu0: bin=0
[    0.822922] cpu cpu0: leakage=10
[    0.839468] cpu cpu0: temp=37727, pvtm=53853 (53685 + 168)
[    0.843376] cpu cpu0: pvtm-volt-sel=1
[    0.844012] cpu cpu0: bin-scale=13
[    0.847963] cpu cpu0: avs=0
[    0.848444] cpu cpu0: l=0 h=2147483647 hyst=5000 l_limit=0 h_limit=0
[    0.853540] cpu cpu0: failed to find power_model node
[    0.856871] Synopsys Designware Multimedia Card Interface Driver
[    0.860052] dwmmc_rockchip ff380000.dwmmc: num-slots property not found, assuming 1 slot is available
[    0.861133] dwmmc_rockchip ff380000.dwmmc: IDMAC supports 32-bit address mode.
[    0.861874] dwmmc_rockchip ff380000.dwmmc: Using internal DMA controller.
[    0.862502] dwmmc_rockchip ff380000.dwmmc: Version ID is 270a
[    0.863206] dwmmc_rockchip ff380000.dwmmc: DW MMC controller at irq 23,32 bit host data width,256 deep fifo
[    0.864299] dwmmc_rockchip ff380000.dwmmc: No vmmc regulator found
[    0.864898] dwmmc_rockchip ff380000.dwmmc: No vqmmc regulator found
[    0.866067] dwmmc_rockchip ff380000.dwmmc: allocated mmc-pwrseq
[    0.880204] mmc_host mmc0: Bus speed (slot 0) = 400000Hz (slot req 400000Hz, actual 400000HZ div = 0)
[    0.893966] dwmmc_rockchip ff380000.dwmmc: 1 slots initialized
[    0.904715] rockchip-dmc dmc: unable to get devfreq-event device : dfi
[    0.908302] rknandc_base v1.1 2017-01-11
[    0.909629] rknandc ff3b0000.nandc: rknandc_probe clk rate = 150000000
[    0.910411] rkflash_dev_init enter
[    0.910730] ...nandc_flash_init enter...
[    0.911161] No.1 FLASH ID:98 da 90 15 76 16
[    0.911558] SFTL version: 5.0.56 20210329
[    0.918752] mmc_host mmc0: Bus speed (slot 0) = 300000Hz (slot req 300000Hz, actual 300000HZ div = 0)
[    0.958632] ...FtlVpcCheckAndModify enter...
[    0.959431] mmc_host mmc0: Bus speed (slot 0) = 200000Hz (slot req 200000Hz, actual 200000HZ div = 0)
[    0.983201] FtlCheckVpc 1cd = 7d  e
[    0.983536] FtlCheckVpc 1ce = 7f  0
[    0.985244] rkflash[0] init success
[    0.994119] rkflashd vendor storage init ok !
[    1.001293] mmc_host mmc0: Bus speed (slot 0) = 100000Hz (slot req 100000Hz, actual 100000HZ div = 0)
[    1.002978]  rkflash0: p1 p2 p3 p4 p5 p6 p7 p8 p9
[    1.007577] rkflash_dev_init device register as blk dev, ret= 0
[    1.014344] ip_tables: (C) 2000-2006 Netfilter Core Team
[    1.015443] NET: Registered protocol family 17
[    1.015975] NET: Registered protocol family 15
[    1.016398] [WLAN_RFKILL]: Enter rfkill_wlan_init
[    1.017459] [WLAN_RFKILL]: Enter rfkill_wlan_probe
[    1.017963] [WLAN_RFKILL]: wlan_platdata_parse_dt: wifi_chip_type = rtl8189fs
[    1.018599] [WLAN_RFKILL]: wlan_platdata_parse_dt: enable wifi power control.
[    1.019250] [WLAN_RFKILL]: wlan_platdata_parse_dt: wifi power controled by gpio.
[    1.020033] [WLAN_RFKILL]: wlan_platdata_parse_dt: get property: WIFI,host_wake_irq = 5, flags = 0.
[    1.020867] [WLAN_RFKILL]: wlan_platdata_parse_dt: The ref_wifi_clk not found !
[    1.021525] [WLAN_RFKILL]: rfkill_wlan_probe: init gpio
[    1.022013] [WLAN_RFKILL]: Exit rfkill_wlan_probe
[    1.022597] [BT_RFKILL]: Enter rfkill_rk_init
[    1.024244] flash vendor_init_thread!
[    1.024594] flash vendor storage:20170308 ret = -1
[    1.024869] ov7251 2-0060: driver version: 00.01.01
[    1.025079] ov7251 2-0060: Failed to get pwdn-gpios
[    1.029196] ov7251 2-0060: Unexpected sensor id(000000), ret(-5)
[    1.031098] Registered cp15_barrier emulation handler
[    1.031650] Registered setend emulation handler
[    1.035595] rga2: Driver loaded successfully ver:4.00
[    1.036503] rga2: Module initialized.
[    1.038832] rockchip-dmc dmc: current ATF version 0x105!
[    1.039334] rockchip-dmc dmc: read tf version 0x105!
[    1.042308] rockchip-dmc dmc: Failed to get leakage
[    1.043175] rockchip-dmc dmc: pvtm-volt-sel=1
[    1.044661] rockchip-dmc dmc: avs=0
[    1.045077] rockchip-dmc dmc: failed to get vop bandwidth to dmc rate
[    1.045660] rockchip-dmc dmc: failed to get vop pn to msch rl
[    1.046647] rockchip-dmc dmc: l=-2147483648 h=2147483647 hyst=0 l_limit=0 h_limit=0
[    1.049841] devfreq dmc: Couldn't update frequency transition information.
[    1.055619] asoc-simple-card rk809-sound: rk817-hifi <-> ff070000.i2s mapping ok
[    1.056348] asoc-simple-card rk809-sound: ASoC: no source widget found for MICBIAS1
[    1.057047] asoc-simple-card rk809-sound: ASoC: Failed to add route MICBIAS1 -> direct -> Mic Jack
[    1.057863] asoc-simple-card rk809-sound: ASoC: no sink widget found for IN1P
[    1.058498] asoc-simple-card rk809-sound: ASoC: Failed to add route Mic Jack -> direct -> IN1P
[    1.059281] asoc-simple-card rk809-sound: ASoC: no source widget found for HPOL
[    1.059952] asoc-simple-card rk809-sound: ASoC: Failed to add route HPOL -> direct -> Headphone Jack
[    1.060779] asoc-simple-card rk809-sound: ASoC: no source widget found for HPOR
[    1.061436] asoc-simple-card rk809-sound: ASoC: Failed to add route HPOR -> direct -> Headphone Jack
[    1.064522] ov7251 2-0060: driver version: 00.01.01
[    1.065220] ov7251 2-0060: Failed to get pwdn-gpios
[    1.069593] ov7251 2-0060: Detected OV007750 sensor
[    1.071636] rkisp1: Async subdev notifier completed
[    1.074297] input: gpio_keys as /devices/platform/gpio_keys/input/input1
[    1.077197] rk808-rtc rk808-rtc: setting system clock to 2017-08-05 09:00:12 UTC (1501923612)
[    1.122340] vccio_sdio: disabling
[    1.122668] vccio_dvp: disabling
[    1.122989] vccio_flash: disabling
[    1.123670] vccio_sd: disabling
[    1.124412] vcc_sd: disabling
[    1.125736] vcc3v3_lcd: disabling
[    1.126684] rkisp1 ff4a0000.rkisp1: clear unready subdev num: 0
[    1.128059] ALSA device list:
[    1.128336]   #0: rockchip,rk809-codec
[    1.133200] VFS: Mounted root (squashfs filesystem) readonly on device 31:6.
[    1.135934] devtmpfs: mounted
[    1.136567] Freeing unused kernel memory: 384K
[    1.567393] udevd[129]: starting version 3.2.7
[    1.595144] udevd[129]: specified group 'kvm' unknown
[    1.614723] udevd[130]: starting eudev-3.2.7
[    2.775826] EXT4-fs (rkflash0p8): couldn't mount as ext3 due to feature incompatibilities
[    2.777334] EXT4-fs (rkflash0p8): mounting ext2 file system using the ext4 subsystem
[    2.784207] EXT4-fs (rkflash0p8): mounted filesystem without journal. Opts: (null)
[    2.965422] EXT4-fs (rkflash0p9): couldn't mount as ext3 due to feature incompatibilities
[    2.966733] EXT4-fs (rkflash0p9): mounting ext2 file system using the ext4 subsystem
[    2.973511] EXT4-fs (rkflash0p9): mounted filesystem without journal. Opts: (null)
[    3.153604] EXT4-fs (rkflash0p7): couldn't mount as ext3 due to feature incompatibilities
[    3.155073] EXT4-fs (rkflash0p7): couldn't mount as ext2 due to feature incompatibilities
[    3.158183] EXT4-fs (rkflash0p7): mounted filesystem without journal. Opts: (null)
[    3.486341] file system registered
[    3.604591] read descriptors
[    3.604913] read strings
[    4.029865] vendor storage:20190527 ret = -1
[    4.608847] dwc2 ff300000.usb: bound driver configfs-gadget
[    4.768273] dwc2 ff300000.usb: new device is high-speed
[    4.771092] 
[    4.771258] =======================================================
[    4.771872] ==== Launching Wi-Fi driver! (Powered by Rockchip) ====
[    4.772428] =======================================================
[    4.773016] Realtek 8723DS SDIO WiFi driver (Powered by Rockchip,Ver v5.3.12_28613.20180703) init.
[    4.773830] [WLAN_RFKILL]: rockchip_wifi_power: 1
[    4.774252] [BT_RFKILL]: rfkill_get_bt_power_state: rfkill-bt driver has not Successful initialized
[    4.775084] [WLAN_RFKILL]: wifi turn on power. -1
[    4.775509] mmc0:mmc host rescan start!
[    4.802565] dwc2 ff300000.usb: new address 43
[    4.844903] android_work: sent uevent USB_STATE=CONNECTED
[    4.960972] configfs-gadget gadget: high-speed config #1: b
[    4.961729] android_work: sent uevent USB_STATE=CONFIGURED
[    5.775862] [WLAN_RFKILL]: rockchip_wifi_get_oob_irq: Enter
[    5.897694] ===>[qf] robot last time reboot is normal
[    7.170926] rtw_drv_log_level:0
[    8.418982] ttyS0 set divisor fail, quot:156 != dll,dlh:0
[    8.419700] ttyS0 set divisor fail, quot:1 != dll,dlh:0
[   10.905414] adbd (721): /proc/721/oom_adj is deprecated, please use /proc/721/oom_score_adj instead.
[  117.450199] ttyS0 set divisor fail, quot:1 != dll,dlh:0
[  214.184755] ttyS0 set divisor fail, quot:1 != dll,dlh:0
    1 root      2372 S    init
    2 root         0 SW   [kthreadd]
    3 root         0 SW   [ksoftirqd/0]
    4 root         0 SW   [kworker/0:0]
    5 root         0 SW<  [kworker/0:0H]
    6 root         0 SW   [kworker/u8:0]
    7 root         0 SW   [rcu_preempt]
    8 root         0 SW   [rcu_sched]
    9 root         0 SW   [rcu_bh]
   10 root         0 SW   [migration/0]
   11 root         0 SW   [watchdog/0]
   12 root         0 SW   [watchdog/1]
   13 root         0 SW   [migration/1]
   14 root         0 SW   [ksoftirqd/1]
   16 root         0 SW<  [kworker/1:0H]
   17 root         0 SW   [watchdog/2]
   18 root         0 SW   [migration/2]
   19 root         0 SW   [ksoftirqd/2]
   21 root         0 SW<  [kworker/2:0H]
   22 root         0 SW   [watchdog/3]
   23 root         0 SW   [migration/3]
   24 root         0 SW   [ksoftirqd/3]
   25 root         0 SW   [kworker/3:0]
   26 root         0 SW<  [kworker/3:0H]
   27 root         0 SW   [kdevtmpfs]
   28 root         0 SW<  [netns]
   29 root         0 SW<  [perf]
   30 root         0 SW   [khungtaskd]
   31 root         0 SW<  [writeback]
   32 root         0 SW<  [crypto]
   33 root         0 SW<  [bioset]
   34 root         0 SW<  [kblockd]
   35 root         0 SW   [kworker/0:1]
   36 root         0 SW<  [devfreq_wq]
   37 root         0 SW<  [cfg80211]
   38 root         0 SW   [cfinteractive]
   54 root         0 SW   [kswapd0]
   55 root         0 SW<  [vmstat]
   56 root         0 SW   [fsnotify_mark]
   57 root         0 SW<  [SquashFS read w]
   80 root         0 SW   [irq/171-rockchi]
   81 root         0 SW   [irq/172-rockchi]
   82 root         0 SW   [irq/173-rockchi]
   83 root         0 SW   [irq/174-rockchi]
   84 root         0 SW<  [vcodec]
   85 root         0 SW   [irq/26-ff442000]
   86 root         0 SW   [irq/27-ff442000]
   87 root         0 SW   [irq/25-ff440000]
   88 root         0 SW   [hwrng]
   90 root         0 SW<  [bioset]
   91 root         0 SW   [spi1]
   92 root         0 SW   [kworker/1:1]
   93 root         0 SW   [irq/58-rk817]
   94 root         0 SW   [irq/21-rockchip]
   95 root         0 SW   [kworker/0:2]
   96 root         0 SW<  [bioset]
   97 root         0 DW   [rkflash]
  101 root         0 SW   [kworker/u8:3]
  102 root         0 SW   [irq/31-rga]
  103 root         0 SW<  [deferwq]
  104 root         0 SW   [kworker/u8:4]
  105 root         0 SW   [kworker/2:1]
  107 root         0 SW   [kworker/2:3]
  109 root         0 SW   [kworker/3:2]
  110 root         0 SW<  [kworker/1:1H]
  114 root         0 SW<  [kworker/2:1H]
  126 root      2372 S    /sbin/klogd -n
  130 root      2836 S    /sbin/udevd -d
  169 root         0 SW<  [kworker/3:1H]
  378 root         0 SW<  [ext4-rsv-conver]
  445 root         0 SW<  [ext4-rsv-conver]
  512 root         0 SW<  [ext4-rsv-conver]
  526 root      2372 S    {watch_ntpd.sh} /bin/sh /usr/bin/watch_ntpd.sh
  536 root     72164 S    ntpd -gq
  537 root      4428 S    sleep 86400
  539 root         0 SW   [kworker/1:3]
  542 root      4756 S    /usr/sbin/sshd -f /etc/ssh/sshd_config_readonly
  580 root      164m S    /usr/bin/adbd
  632 root      1716 S    /usr/local/auto_feed_watchdog 5
  635 root      2372 S    /sbin/getty -L ttyFIQ0 0 vt100
  680 root         0 SW<  [kworker/0:1H]
  681 root      4216 S    /mnt/res/app/L01Daemon 90
  692 root      6976 S    /mnt/res/vapp/mosquitto -c /mnt/res/vapp/mosquitto.c
  697 root      5392 S    /mnt/res/vapp/logd
  700 root      4056 S    /mnt/res/vapp/www/lighttpd -f /mnt/res/vapp/www/ligh
  712 root      150m S    /mnt/res/vapp/devd -c /mnt/res/vapp/AC.conf
  719 root      2376 S    syslogd -O /tmp/systemlog.txt
  770 root      302m S    appd -f -o /tmp -c /mnt/res/vapp
  788 root         0 SW   [kworker/0:3]
  793 root     79220 S    /mnt/res/vapp/cond -c /mnt/res/vapp/cond.conf
 4261 root     23640 S    {MainThread} /mnt/res/app/Roboeye_server
 4262 root     81636 S    /mnt/res/app/logFilter
 5969 root      2376 S    /bin/sh -
 6069 root      2376 S    sh -c ps >> /tmp/dmesg.log
 6070 root      2376 R    ps
             total       used       free     shared    buffers     cached
Mem:        244772      82280     162492        496       8864      36480
-/+ buffers/cache:      36936     207836
Swap:            0          0          0
           CPU0       CPU1       CPU2       CPU3       
  1:          0          0          0          0     GICv2  29 Edge      arch_timer
  2:      71634      36992      34793      36582     GICv2  30 Edge      arch_timer
  5:      80237       9920       8377       8180     GICv2  62 Level     rk_timer
 10:      79422          0          0          0     GICv2  47 Level     serial
 15:       1299          0          0          0     GICv2  39 Level     ff180000.i2c
 16:          6          0          0          0     GICv2  41 Level     ff1a0000.i2c
 19:          0          0          0          0     GICv2  33 Level     ff240000.dmac
 20:          0          0          0          0     GICv2  34 Level     ff240000.dmac
 21:          0          0          0          0     GICv2  68 Level     rockchip_thermal
 22:        106          0          0          0     GICv2  94 Level     ff300000.usb, ff300000.usb
 23:         44          0          0          0     GICv2  87 Level     dw-mci
 24:          0          0          0          0     GICv2  89 Level     rknandc
 25:          0          0          0          0     GICv2  81 Level     ff440000.hevc_service
 26:          0          0          0          0     GICv2 112 Level     ff442000.vpu_service
 27:          0          0          0          0     GICv2 111 Level     ff442000.vpu_service
 31:          0          0          0          0     GICv2 108 Level     rga
 33:          0          0          0          0     GICv2 102 Level     rkisp1, ff4a0000.rkisp1
 34:          0          0          0          0     GICv2 105 Level     rkisp1
 35:          0          0          0          0     GICv2 106 Level     rkisp1
 36:          0          0          0          0     GICv2 137 Level     dmc
 56:     805383          0          0          0     gpio0  15 Edge      mcu wakeup L02
 58:          0          0          0          0     gpio0  17 Level     rk817
169:          0          0          0          0     GICv2 159 Edge      debug-signal
170:          0          0          0          0     GICv2  49 Level     debug
171:          0          0          0          0     GICv2 100 Level     rockchip_usb2phy
172:          0          0          0          0     GICv2  98 Level     rockchip_usb2phy_bvalid
173:          0          0          0          0     GICv2  96 Level     rockchip_usb2phy
174:          0          0          0          0     GICv2  97 Level     rockchip_usb2phy_id
175:          0          0          0          0     rk817   0 Edge      rk8xx_pwrkey_fall
176:          0          0          0          0     rk817   1 Edge      rk8xx_pwrkey_rise
180:          0          0          0          0     rk817   5 Edge      RTC alarm
IPI0:     10282      16904      14595      13768       Rescheduling interrupts
IPI1:        19         22         20         14       Function call interrupts
IPI2:         0          0          0          0       CPU stop interrupts
IPI3:         0          0          0          0       CPU stop (for crash dump) interrupts
IPI4:      2464        634        745        794       Timer broadcast interrupts
IPI5:         3          0          0          0       IRQ work interrupts
IPI6:         0          0          0          0       CPU wake-up interrupts
Err:          0
